Component: ARM Compiler 5.06 update 2 (build 183) Tool: armlink [4d35b7]

==============================================================================

Section Cross References

    startup_stm32f103xb.o(STACK) refers (Special) to heapauxi.o(.text) for __use_two_region_memory
    startup_stm32f103xb.o(HEAP) refers (Special) to heapauxi.o(.text) for __use_two_region_memory
    startup_stm32f103xb.o(RESET) refers (Special) to heapauxi.o(.text) for __use_two_region_memory
    startup_stm32f103xb.o(RESET) refers to startup_stm32f103xb.o(STACK) for __initial_sp
    startup_stm32f103xb.o(RESET) refers to startup_stm32f103xb.o(.text) for Reset_Handler
    startup_stm32f103xb.o(RESET) refers to stm32f1xx_it.o(i.NMI_Handler) for NMI_Handler
    startup_stm32f103xb.o(RESET) refers to stm32f1xx_it.o(i.HardFault_Handler) for HardFault_Handler
    startup_stm32f103xb.o(RESET) refers to stm32f1xx_it.o(i.MemManage_Handler) for MemManage_Handler
    startup_stm32f103xb.o(RESET) refers to stm32f1xx_it.o(i.BusFault_Handler) for BusFault_Handler
    startup_stm32f103xb.o(RESET) refers to stm32f1xx_it.o(i.UsageFault_Handler) for UsageFault_Handler
    startup_stm32f103xb.o(RESET) refers to stm32f1xx_it.o(i.SVC_Handler) for SVC_Handler
    startup_stm32f103xb.o(RESET) refers to stm32f1xx_it.o(i.DebugMon_Handler) for DebugMon_Handler
    startup_stm32f103xb.o(RESET) refers to stm32f1xx_it.o(i.PendSV_Handler) for PendSV_Handler
    startup_stm32f103xb.o(RESET) refers to stm32f1xx_it.o(i.SysTick_Handler) for SysTick_Handler
    startup_stm32f103xb.o(RESET) refers to stm32f1xx_it.o(i.USB_LP_CAN1_RX0_IRQHandler) for USB_LP_CAN1_RX0_IRQHandler
    startup_stm32f103xb.o(RESET) refers to stm32f1xx_it.o(i.TIM2_IRQHandler) for TIM2_IRQHandler
    startup_stm32f103xb.o(.text) refers (Special) to heapauxi.o(.text) for __use_two_region_memory
    startup_stm32f103xb.o(.text) refers to system_stm32f1xx.o(i.SystemInit) for SystemInit
    startup_stm32f103xb.o(.text) refers to __main.o(!!!main) for __main
    startup_stm32f103xb.o(.text) refers to startup_stm32f103xb.o(HEAP) for Heap_Mem
    startup_stm32f103xb.o(.text) refers to startup_stm32f103xb.o(STACK) for Stack_Mem
    main.o(i.HAL_TIM_IC_CaptureCallback) refers to tim.o(.bss) for htim2
    main.o(i.HAL_TIM_IC_CaptureCallback) refers to main.o(.data) for .data
    main.o(i.Send_Test_Image) refers to stm32f1xx_hal_uart.o(i.HAL_UART_Transmit) for HAL_UART_Transmit
    main.o(i.Send_Test_Image) refers to usart.o(.bss) for huart1
    main.o(i.SystemClock_Config) refers to rt_memclr_w.o(.text) for __aeabi_memclr4
    main.o(i.SystemClock_Config) refers to stm32f1xx_hal_rcc.o(i.HAL_RCC_OscConfig) for HAL_RCC_OscConfig
    main.o(i.SystemClock_Config) refers to stm32f1xx_hal_rcc.o(i.HAL_RCC_ClockConfig) for HAL_RCC_ClockConfig
    main.o(i.SystemClock_Config) refers to stm32f1xx_hal_rcc_ex.o(i.HAL_RCCEx_PeriphCLKConfig) for HAL_RCCEx_PeriphCLKConfig
    main.o(i.main) refers to stm32f1xx_hal.o(i.HAL_Init) for HAL_Init
    main.o(i.main) refers to main.o(i.SystemClock_Config) for SystemClock_Config
    main.o(i.main) refers to gpio.o(i.MX_GPIO_Init) for MX_GPIO_Init
    main.o(i.main) refers to usart.o(i.MX_USART1_UART_Init) for MX_USART1_UART_Init
    main.o(i.main) refers to usb_device.o(i.MX_USB_DEVICE_Init) for MX_USB_DEVICE_Init
    main.o(i.main) refers to i2c.o(i.MX_I2C1_Init) for MX_I2C1_Init
    main.o(i.main) refers to tim.o(i.MX_TIM2_Init) for MX_TIM2_Init
    main.o(i.main) refers to tim.o(i.MX_TIM1_Init) for MX_TIM1_Init
    main.o(i.main) refers to stm32f1xx_hal_tim.o(i.HAL_TIM_IC_Start_IT) for HAL_TIM_IC_Start_IT
    main.o(i.main) refers to stm32f1xx_hal_tim_ex.o(i.HAL_TIMEx_PWMN_Start) for HAL_TIMEx_PWMN_Start
    main.o(i.main) refers to ov7670.o(i.OV7670_Init) for OV7670_Init
    main.o(i.main) refers to fifo.o(i.FIFO_Init) for FIFO_Init
    main.o(i.main) refers to stm32f1xx_hal_gpio.o(i.HAL_GPIO_ReadPin) for HAL_GPIO_ReadPin
    main.o(i.main) refers to fifo.o(i.FIFO_StartReadFrame) for FIFO_StartReadFrame
    main.o(i.main) refers to rt_memclr_w.o(.text) for __aeabi_memclr4
    main.o(i.main) refers to fifo.o(i.FIFO_ReadByte) for FIFO_ReadByte
    main.o(i.main) refers to main.o(i.rgb565_to_gray) for rgb565_to_gray
    main.o(i.main) refers to strlen.o(.text) for strlen
    main.o(i.main) refers to stm32f1xx_hal_uart.o(i.HAL_UART_Transmit) for HAL_UART_Transmit
    main.o(i.main) refers to stm32f1xx_hal.o(i.HAL_Delay) for HAL_Delay
    main.o(i.main) refers to tim.o(.bss) for htim2
    main.o(i.main) refers to i2c.o(.bss) for hi2c1
    main.o(i.main) refers to usart.o(.bss) for huart1
    main.o(i.main) refers to main.o(.data) for .data
    gpio.o(i.MX_GPIO_Init) refers to stm32f1xx_hal_gpio.o(i.HAL_GPIO_WritePin) for HAL_GPIO_WritePin
    gpio.o(i.MX_GPIO_Init) refers to stm32f1xx_hal_gpio.o(i.HAL_GPIO_Init) for HAL_GPIO_Init
    i2c.o(i.HAL_I2C_MspDeInit) refers to stm32f1xx_hal_gpio.o(i.HAL_GPIO_DeInit) for HAL_GPIO_DeInit
[...]
    i.HAL_TIMEx_CommutCallback               0x080019e2   Section        0  stm32f1xx_hal_tim_ex.o(i.HAL_TIMEx_CommutCallback)
    i.HAL_TIMEx_ConfigBreakDeadTime          0x080019e4   Section        0  stm32f1xx_hal_tim_ex.o(i.HAL_TIMEx_ConfigBreakDeadTime)
    i.HAL_TIMEx_MasterConfigSynchronization  0x08001a38   Section        0  stm32f1xx_hal_tim_ex.o(i.HAL_TIMEx_MasterConfigSynchronization)
    i.HAL_TIMEx_PWMN_Start                   0x08001aa0   Section        0  stm32f1xx_hal_tim_ex.o(i.HAL_TIMEx_PWMN_Start)
    i.HAL_TIM_Base_Init                      0x08001b38   Section        0  stm32f1xx_hal_tim.o(i.HAL_TIM_Base_Init)
    i.HAL_TIM_Base_MspInit                   0x08001b94   Section        0  tim.o(i.HAL_TIM_Base_MspInit)
    i.HAL_TIM_ConfigClockSource              0x08001c28   Section        0  stm32f1xx_hal_tim.o(i.HAL_TIM_ConfigClockSource)
    i.HAL_TIM_IC_CaptureCallback             0x08001d04   Section        0  main.o(i.HAL_TIM_IC_CaptureCallback)
    i.HAL_TIM_IC_ConfigChannel               0x08001d38   Section        0  stm32f1xx_hal_tim.o(i.HAL_TIM_IC_ConfigChannel)
    i.HAL_TIM_IC_Init                        0x08001e5c   Section        0  stm32f1xx_hal_tim.o(i.HAL_TIM_IC_Init)
    i.HAL_TIM_IC_MspInit                     0x08001eb6   Section        0  stm32f1xx_hal_tim.o(i.HAL_TIM_IC_MspInit)
    i.HAL_TIM_IC_Start_IT                    0x08001eb8   Section        0  stm32f1xx_hal_tim.o(i.HAL_TIM_IC_Start_IT)
    i.HAL_TIM_IRQHandler                     0x08001f9c   Section        0  stm32f1xx_hal_tim.o(i.HAL_TIM_IRQHandler)
    i.HAL_TIM_MspPostInit                    0x080020cc   Section        0  tim.o(i.HAL_TIM_MspPostInit)
    i.HAL_TIM_OC_DelayElapsedCallback        0x0800215c   Section        0  stm32f1xx_hal_tim.o(i.HAL_TIM_OC_DelayElapsedCallback)
    i.HAL_TIM_PWM_ConfigChannel              0x0800215e   Section        0  stm32f1xx_hal_tim.o(i.HAL_TIM_PWM_ConfigChannel)
    i.HAL_TIM_PWM_Init                       0x0800222a   Section        0  stm32f1xx_hal_tim.o(i.HAL_TIM_PWM_Init)
    i.HAL_TIM_PWM_MspInit                    0x08002284   Section        0  stm32f1xx_hal_tim.o(i.HAL_TIM_PWM_MspInit)
    i.HAL_TIM_PWM_PulseFinishedCallback      0x08002286   Section        0  stm32f1xx_hal_tim.o(i.HAL_TIM_PWM_PulseFinishedCallback)
    i.HAL_TIM_PeriodElapsedCallback          0x08002288   Section        0  stm32f1xx_hal_tim.o(i.HAL_TIM_PeriodElapsedCallback)
    i.HAL_TIM_TriggerCallback                0x0800228a   Section        0  stm32f1xx_hal_tim.o(i.HAL_TIM_TriggerCallback)
    i.HAL_UART_Init                          0x0800228c   Section        0  stm32f1xx_hal_uart.o(i.HAL_UART_Init)
    i.HAL_UART_MspInit                       0x080022f0   Section        0  usart.o(i.HAL_UART_MspInit)
    i.HAL_UART_Transmit                      0x08002360   Section        0  stm32f1xx_hal_uart.o(i.HAL_UART_Transmit)
    i.HardFault_Handler                      0x08002400   Section        0  stm32f1xx_it.o(i.HardFault_Handler)
    i.I2C_IsAcknowledgeFailed                0x08002402   Section        0  stm32f1xx_hal_i2c.o(i.I2C_IsAcknowledgeFailed)
    I2C_IsAcknowledgeFailed                  0x08002403   Thumb Code    46  stm32f1xx_hal_i2c.o(i.I2C_IsAcknowledgeFailed)
    i.I2C_RequestMemoryWrite                 0x08002430   Section        0  stm32f1xx_hal_i2c.o(i.I2C_RequestMemoryWrite)
    I2C_RequestMemoryWrite                   0x08002431   Thumb Code   162  stm32f1xx_hal_i2c.o(i.I2C_RequestMemoryWrite)
    i.I2C_WaitOnBTFFlagUntilTimeout          0x080024d8   Section        0  stm32f1xx_hal_i2c.o(i.I2C_WaitOnBTFFlagUntilTimeout)
    I2C_WaitOnBTFFlagUntilTimeout            0x080024d9   Thumb Code    86  stm32f1xx_hal_i2c.o(i.I2C_WaitOnBTFFlagUntilTimeout)
    i.I2C_WaitOnFlagUntilTimeout             0x08002530   Section        0  stm32f1xx_hal_i2c.o(i.I2C_WaitOnFlagUntilTimeout)
    I2C_WaitOnFlagUntilTimeout               0x08002531   Thumb Code   144  stm32f1xx_hal_i2c.o(i.I2C_WaitOnFlagUntilTimeout)
    i.I2C_WaitOnMasterAddressFlagUntilTimeout 0x080025c0   Section        0  stm32f1xx_hal_i2c.o(i.I2C_WaitOnMasterAddressFlagUntilTimeout)
    I2C_WaitOnMasterAddressFlagUntilTimeout  0x080025c1   Thumb Code   188  stm32f1xx_hal_i2c.o(i.I2C_WaitOnMasterAddressFlagUntilTimeout)
    i.I2C_WaitOnTXEFlagUntilTimeout          0x0800267c   Section        0  stm32f1xx_hal_i2c.o(i.I2C_WaitOnTXEFlagUntilTimeout)
    I2C_WaitOnTXEFlagUntilTimeout            0x0800267d   Thumb Code    86  stm32f1xx_hal_i2c.o(i.I2C_WaitOnTXEFlagUntilTimeout)
    i.IntToUnicode                           0x080026d4   Section        0  usbd_desc.o(i.IntToUnicode)
    IntToUnicode                             0x080026d5   Thumb Code    56  usbd_desc.o(i.IntToUnicode)
    i.MX_GPIO_Init                           0x0800270c   Section        0  gpio.o(i.MX_GPIO_Init)
    i.MX_I2C1_Init                           0x080027a0   Section        0  i2c.o(i.MX_I2C1_Init)
    i.MX_TIM1_Init                           0x080027e0   Section        0  tim.o(i.MX_TIM1_Init)
    i.MX_TIM2_Init                           0x080028b8   Section        0  tim.o(i.MX_TIM2_Init)
    i.MX_USART1_UART_Init                    0x0800297c   Section        0  usart.o(i.MX_USART1_UART_Init)
    i.MX_USB_DEVICE_Init                     0x080029b4   Section        0  usb_device.o(i.MX_USB_DEVICE_Init)
    i.MemManage_Handler                      0x08002a08   Section        0  stm32f1xx_it.o(i.MemManage_Handler)
    i.NMI_Handler                            0x08002a0a   Section        0  stm32f1xx_it.o(i.NMI_Handler)
    i.OV7670_Init                            0x08002a0c   Section        0  ov7670.o(i.OV7670_Init)
    i.PCD_EP_ISR_Handler                     0x08002aa4   Section        0  stm32f1xx_hal_pcd.o(i.PCD_EP_ISR_Handler)
    PCD_EP_ISR_Handler                       0x08002aa5   Thumb Code   934  stm32f1xx_hal_pcd.o(i.PCD_EP_ISR_Handler)
    i.PendSV_Handler                         0x08002e4a   Section        0  stm32f1xx_it.o(i.PendSV_Handler)
    i.SCCB_W_Reg                             0x08002e4c   Section        0  sccb.o(i.SCCB_W_Reg)
    i.SVC_Handler                            0x08002e66   Section        0  stm32f1xx_it.o(i.SVC_Handler)
    i.SysTick_Handler                        0x08002e68   Section        0  stm32f1xx_it.o(i.SysTick_Handler)
    i.SystemClock_Config                     0x08002e6c   Section        0  main.o(i.SystemClock_Config)
    i.SystemInit                             0x08002ee2   Section        0  system_stm32f1xx.o(i.SystemInit)
    i.TIM2_IRQHandler                        0x08002ee4   Section        0  stm32f1xx_it.o(i.TIM2_IRQHandler)
    i.TIM_Base_SetConfig                     0x08002ef0   Section        0  stm32f1xx_hal_tim.o(i.TIM_Base_SetConfig)
    i.TIM_CCxChannelCmd                      0x08002f68   Section        0  stm32f1xx_hal_tim.o(i.TIM_CCxChannelCmd)
    i.TIM_CCxNChannelCmd                     0x08002f82   Section        0  stm32f1xx_hal_tim_ex.o(i.TIM_CCxNChannelCmd)
    TIM_CCxNChannelCmd                       0x08002f83   Thumb Code    26  stm32f1xx_hal_tim_ex.o(i.TIM_CCxNChannelCmd)
    i.TIM_ETR_SetConfig                      0x08002f9c   Section        0  stm32f1xx_hal_tim.o(i.TIM_ETR_SetConfig)
    i.TIM_ITRx_SetConfig                     0x08002fb0   Section        0  stm32f1xx_hal_tim.o(i.TIM_ITRx_SetConfig)
    TIM_ITRx_SetConfig                       0x08002fb1   Thumb Code    16  stm32f1xx_hal_tim.o(i.TIM_ITRx_SetConfig)
    i.TIM_OC1_SetConfig                      0x08002fc0   Section        0  stm32f1xx_hal_tim.o(i.TIM_OC1_SetConfig)
    TIM_OC1_SetConfig                        0x08002fc1   Thumb Code    74  stm32f1xx_hal_tim.o(i.TIM_OC1_SetConfig)
    i.TIM_OC2_SetConfig                      0x08003010   Section        0  stm32f1xx_hal_tim.o(i.TIM_OC2_SetConfig)
    i.TIM_OC3_SetConfig                      0x08003068   Section        0  stm32f1xx_hal_tim.o(i.TIM_OC3_SetConfig)
    TIM_OC3_SetConfig                        0x08003069   Thumb Code    82  stm32f1xx_hal_tim.o(i.TIM_OC3_SetConfig)
    i.TIM_OC4_SetConfig                      0x080030c0   Section        0  stm32f1xx_hal_tim.o(i.TIM_OC4_SetConfig)
    TIM_OC4_SetConfig                        0x080030c1   Thumb Code    64  stm32f1xx_hal_tim.o(i.TIM_OC4_SetConfig)
    i.TIM_TI1_ConfigInputStage               0x08003104   Section        0  stm32f1xx_hal_tim.o(i.TIM_TI1_ConfigInputStage)
    TIM_TI1_ConfigInputStage                 0x08003105   Thumb Code    34  stm32f1xx_hal_tim.o(i.TIM_TI1_ConfigInputStage)
    i.TIM_TI1_SetConfig                      0x08003128   Section        0  stm32f1xx_hal_tim.o(i.TIM_TI1_SetConfig)
    i.TIM_TI2_ConfigInputStage               0x08003180   Section        0  stm32f1xx_hal_tim.o(i.TIM_TI2_ConfigInputStage)
    TIM_TI2_ConfigInputStage                 0x08003181   Thumb Code    36  stm32f1xx_hal_tim.o(i.TIM_TI2_ConfigInputStage)
    i.TIM_TI2_SetConfig                      0x080031a4   Section        0  stm32f1xx_hal_tim.o(i.TIM_TI2_SetConfig)
    TIM_TI2_SetConfig                        0x080031a5   Thumb Code    54  stm32f1xx_hal_tim.o(i.TIM_TI2_SetConfig)
    i.UART_EndRxTransfer                     0x080031da   Section        0  stm32f1xx_hal_uart.o(i.UART_EndRxTransfer)
    UART_EndRxTransfer                       0x080031db   Thumb Code    78  stm32f1xx_hal_uart.o(i.UART_EndRxTransfer)
    i.UART_SetConfig                         0x08003228   Section        0  stm32f1xx_hal_uart.o(i.UART_SetConfig)
    UART_SetConfig                           0x08003229   Thumb Code   178  stm32f1xx_hal_uart.o(i.UART_SetConfig)
    i.UART_WaitOnFlagUntilTimeout            0x080032e0   Section        0  stm32f1xx_hal_uart.o(i.UART_WaitOnFlagUntilTimeout)
    UART_WaitOnFlagUntilTimeout              0x080032e1   Thumb Code   114  stm32f1xx_hal_uart.o(i.UART_WaitOnFlagUntilTimeout)
    i.USBD_CUSTOM_HID_DataIn                 0x08003352   Section        0  usbd_customhid.o(i.USBD_CUSTOM_HID_DataIn)
    USBD_CUSTOM_HID_DataIn                   0x08003353   Thumb Code    12  usbd_customhid.o(i.USBD_CUSTOM_HID_DataIn)
    i.USBD_CUSTOM_HID_DataOut                0x0800335e   Section        0  usbd_customhid.o(i.USBD_CUSTOM_HID_DataOut)
    USBD_CUSTOM_HID_DataOut                  0x0800335f   Thumb Code    36  usbd_customhid.o(i.USBD_CUSTOM_HID_DataOut)
    i.USBD_CUSTOM_HID_DeInit                 0x08003382   Section        0  usbd_customhid.o(i.USBD_CUSTOM_HID_DeInit)
    USBD_CUSTOM_HID_DeInit                   0x08003383   Thumb Code    56  usbd_customhid.o(i.USBD_CUSTOM_HID_DeInit)
    i.USBD_CUSTOM_HID_EP0_RxReady            0x080033ba   Section        0  usbd_customhid.o(i.USBD_CUSTOM_HID_EP0_RxReady)
    USBD_CUSTOM_HID_EP0_RxReady              0x080033bb   Thumb Code    34  usbd_customhid.o(i.USBD_CUSTOM_HID_EP0_RxReady)
    i.USBD_CUSTOM_HID_GetDeviceQualifierDesc 0x080033dc   Section        0  usbd_customhid.o(i.USBD_CUSTOM_HID_GetDeviceQualifierDesc)
    USBD_CUSTOM_HID_GetDeviceQualifierDesc   0x080033dd   Thumb Code     8  usbd_customhid.o(i.USBD_CUSTOM_HID_GetDeviceQualifierDesc)
    i.USBD_CUSTOM_HID_GetFSCfgDesc           0x080033e8   Section        0  usbd_customhid.o(i.USBD_CUSTOM_HID_GetFSCfgDesc)
    USBD_CUSTOM_HID_GetFSCfgDesc             0x080033e9   Thumb Code     8  usbd_customhid.o(i.USBD_CUSTOM_HID_GetFSCfgDesc)
    i.USBD_CUSTOM_HID_GetHSCfgDesc           0x080033f4   Section        0  usbd_customhid.o(i.USBD_CUSTOM_HID_GetHSCfgDesc)
    USBD_CUSTOM_HID_GetHSCfgDesc             0x080033f5   Thumb Code     8  usbd_customhid.o(i.USBD_CUSTOM_HID_GetHSCfgDesc)
    i.USBD_CUSTOM_HID_GetOtherSpeedCfgDesc   0x08003400   Section        0  usbd_customhid.o(i.USBD_CUSTOM_HID_GetOtherSpeedCfgDesc)
    USBD_CUSTOM_HID_GetOtherSpeedCfgDesc     0x08003401   Thumb Code     8  usbd_customhid.o(i.USBD_CUSTOM_HID_GetOtherSpeedCfgDesc)
    i.USBD_CUSTOM_HID_Init                   0x0800340c   Section        0  usbd_customhid.o(i.USBD_CUSTOM_HID_Init)
    USBD_CUSTOM_HID_Init                     0x0800340d   Thumb Code    82  usbd_customhid.o(i.USBD_CUSTOM_HID_Init)
    i.USBD_CUSTOM_HID_RegisterInterface      0x0800345e   Section        0  usbd_customhid.o(i.USBD_CUSTOM_HID_RegisterInterface)
    i.USBD_CUSTOM_HID_Setup                  0x08003470   Section        0  usbd_customhid.o(i.USBD_CUSTOM_HID_Setup)
    USBD_CUSTOM_HID_Setup                    0x08003471   Thumb Code   216  usbd_customhid.o(i.USBD_CUSTOM_HID_Setup)
    i.USBD_ClrClassConfig                    0x0800354c   Section        0  usbd_core.o(i.USBD_ClrClassConfig)
    i.USBD_CtlContinueRx                     0x0800355a   Section        0  usbd_ioreq.o(i.USBD_CtlContinueRx)
    i.USBD_CtlContinueSendData               0x0800356a   Section        0  usbd_ioreq.o(i.USBD_CtlContinueSendData)
    i.USBD_CtlError                          0x0800357a   Section        0  usbd_ctlreq.o(i.USBD_CtlError)
    i.USBD_CtlPrepareRx                      0x08003590   Section        0  usbd_ioreq.o(i.USBD_CtlPrepareRx)
    i.USBD_CtlReceiveStatus                  0x080035ae   Section        0  usbd_ioreq.o(i.USBD_CtlReceiveStatus)
    i.USBD_CtlSendData                       0x080035c4   Section        0  usbd_ioreq.o(i.USBD_CtlSendData)
    i.USBD_CtlSendStatus                     0x080035de   Section        0  usbd_ioreq.o(i.USBD_CtlSendStatus)
    i.USBD_FS_ConfigStrDescriptor            0x080035f4   Section        0  usbd_desc.o(i.USBD_FS_ConfigStrDescriptor)
    i.USBD_FS_DeviceDescriptor               0x0800361c   Section        0  usbd_desc.o(i.USBD_FS_DeviceDescriptor)
    i.USBD_FS_InterfaceStrDescriptor         0x08003628   Section        0  usbd_desc.o(i.USBD_FS_InterfaceStrDescriptor)
    i.USBD_FS_LangIDStrDescriptor            0x08003654   Section        0  usbd_desc.o(i.USBD_FS_LangIDStrDescriptor)
    i.USBD_FS_ManufacturerStrDescriptor      0x08003660   Section        0  usbd_desc.o(i.USBD_FS_ManufacturerStrDescriptor)
    i.USBD_FS_ProductStrDescriptor           0x08003688   Section        0  usbd_desc.o(i.USBD_FS_ProductStrDescriptor)
    i.USBD_FS_SerialStrDescriptor            0x080036bc   Section        0  usbd_desc.o(i.USBD_FS_SerialStrDescriptor)
    i.USBD_GetDescriptor                     0x080036f4   Section        0  usbd_ctlreq.o(i.USBD_GetDescriptor)
    USBD_GetDescriptor                       0x080036f5   Thumb Code   232  usbd_ctlreq.o(i.USBD_GetDescriptor)
    i.USBD_GetString                         0x080037dc   Section        0  usbd_ctlreq.o(i.USBD_GetString)
    i.USBD_Get_USB_Status                    0x08003824   Section        0  usbd_conf.o(i.USBD_Get_USB_Status)
    USBD_Get_USB_Status                      0x08003825   Thumb Code    24  usbd_conf.o(i.USBD_Get_USB_Status)
    i.USBD_Init                              0x0800383c   Section        0  usbd_core.o(i.USBD_Init)
    i.USBD_LL_ClearStallEP                   0x08003866   Section        0  usbd_conf.o(i.USBD_LL_ClearStallEP)
    i.USBD_LL_CloseEP                        0x08003878   Section        0  usbd_conf.o(i.USBD_LL_CloseEP)
    i.USBD_LL_DataInStage                    0x0800388a   Section        0  usbd_core.o(i.USBD_LL_DataInStage)
    i.USBD_LL_DataOutStage                   0x08003950   Section        0  usbd_core.o(i.USBD_LL_DataOutStage)
    i.USBD_LL_Init                           0x080039d4   Section        0  usbd_conf.o(i.USBD_LL_Init)
    i.USBD_LL_IsStallEP                      0x08003a44   Section        0  usbd_conf.o(i.USBD_LL_IsStallEP)
    i.USBD_LL_OpenEP                         0x08003a62   Section        0  usbd_conf.o(i.USBD_LL_OpenEP)
    i.USBD_LL_PrepareReceive                 0x08003a7a   Section        0  usbd_conf.o(i.USBD_LL_PrepareReceive)
    i.USBD_LL_Reset                          0x08003a8c   Section        0  usbd_core.o(i.USBD_LL_Reset)
    i.USBD_LL_Resume                         0x08003adc   Section        0  usbd_core.o(i.USBD_LL_Resume)
    i.USBD_LL_SOF                            0x08003af0   Section        0  usbd_core.o(i.USBD_LL_SOF)
    i.USBD_LL_SetSpeed                       0x08003b08   Section        0  usbd_core.o(i.USBD_LL_SetSpeed)
    i.USBD_LL_SetUSBAddress                  0x08003b0e   Section        0  usbd_conf.o(i.USBD_LL_SetUSBAddress)
    i.USBD_LL_SetupStage                     0x08003b20   Section        0  usbd_core.o(i.USBD_LL_SetupStage)
    i.USBD_LL_StallEP                        0x08003b7a   Section        0  usbd_conf.o(i.USBD_LL_StallEP)
    i.USBD_LL_Start                          0x08003b8c   Section        0  usbd_conf.o(i.USBD_LL_Start)
    i.USBD_LL_Suspend                        0x08003b9e   Section        0  usbd_core.o(i.USBD_LL_Suspend)
    i.USBD_LL_Transmit                       0x08003bb0   Section        0  usbd_conf.o(i.USBD_LL_Transmit)
    i.USBD_ParseSetupRequest                 0x08003bc2   Section        0  usbd_ctlreq.o(i.USBD_ParseSetupRequest)
    i.USBD_RegisterClass                     0x08003bea   Section        0  usbd_core.o(i.USBD_RegisterClass)
    i.USBD_SetClassConfig                    0x08003bfa   Section        0  usbd_core.o(i.USBD_SetClassConfig)
    i.USBD_SetConfig                         0x08003c10   Section        0  usbd_ctlreq.o(i.USBD_SetConfig)
    USBD_SetConfig                           0x08003c11   Thumb Code   128  usbd_ctlreq.o(i.USBD_SetConfig)
    i.USBD_Start                             0x08003c94   Section        0  usbd_core.o(i.USBD_Start)
    i.USBD_StdDevReq                         0x08003c9e   Section        0  usbd_ctlreq.o(i.USBD_StdDevReq)
    i.USBD_StdEPReq                          0x08003db0   Section        0  usbd_ctlreq.o(i.USBD_StdEPReq)
    i.USBD_StdItfReq                         0x08003f00   Section        0  usbd_ctlreq.o(i.USBD_StdItfReq)
    i.USBD_static_free                       0x08003f4e   Section        0  usbd_conf.o(i.USBD_static_free)
    i.USBD_static_malloc                     0x08003f50   Section        0  usbd_conf.o(i.USBD_static_malloc)
    i.USB_ActivateEndpoint                   0x08003f58   Section        0  stm32f1xx_ll_usb.o(i.USB_ActivateEndpoint)
    i.USB_CoreInit                           0x080041f4   Section        0  stm32f1xx_ll_usb.o(i.USB_CoreInit)
    i.USB_DeactivateEndpoint                 0x080041f8   Section        0  stm32f1xx_ll_usb.o(i.USB_DeactivateEndpoint)
    i.USB_DevConnect                         0x08004306   Section        0  stm32f1xx_ll_usb.o(i.USB_DevConnect)
    i.USB_DevDisconnect                      0x0800430a   Section        0  stm32f1xx_ll_usb.o(i.USB_DevDisconnect)
    i.USB_DevInit                            0x0800430e   Section        0  stm32f1xx_ll_usb.o(i.USB_DevInit)
    i.USB_DisableGlobalInt                   0x08004320   Section        0  stm32f1xx_ll_usb.o(i.USB_DisableGlobalInt)
    i.USB_EP0_OutStart                       0x0800432e   Section        0  stm32f1xx_ll_usb.o(i.USB_EP0_OutStart)
    i.USB_EPClearStall                       0x08004332   Section        0  stm32f1xx_ll_usb.o(i.USB_EPClearStall)
    i.USB_EPSetStall                         0x080043aa   Section        0  stm32f1xx_ll_usb.o(i.USB_EPSetStall)
    i.USB_EPStartXfer                        0x080043dc   Section        0  stm32f1xx_ll_usb.o(i.USB_EPStartXfer)
    i.USB_EnableGlobalInt                    0x080048be   Section        0  stm32f1xx_ll_usb.o(i.USB_EnableGlobalInt)
    i.USB_LP_CAN1_RX0_IRQHandler             0x080048d0   Section        0  stm32f1xx_it.o(i.USB_LP_CAN1_RX0_IRQHandler)
    i.USB_ReadInterrupts                     0x080048dc   Section        0  stm32f1xx_ll_usb.o(i.USB_ReadInterrupts)
    i.USB_ReadPMA                            0x080048e4   Section        0  stm32f1xx_ll_usb.o(i.USB_ReadPMA)
    i.USB_SetCurrentMode                     0x08004910   Section        0  stm32f1xx_ll_usb.o(i.USB_SetCurrentMode)
    i.USB_SetDevAddress                      0x08004914   Section        0  stm32f1xx_ll_usb.o(i.USB_SetDevAddress)
    i.USB_WritePMA                           0x08004920   Section        0  stm32f1xx_ll_usb.o(i.USB_WritePMA)
    i.UsageFault_Handler                     0x08004946   Section        0  stm32f1xx_it.o(i.UsageFault_Handler)
    i.__NVIC_SetPriority                     0x08004948   Section        0  stm32f1xx_hal_cortex.o(i.__NVIC_SetPriority)
    __NVIC_SetPriority                       0x08004949   Thumb Code    32  stm32f1xx_hal_cortex.o(i.__NVIC_SetPriority)
    i.main                                   0x08004968   Section        0  main.o(i.main)
    i.rgb565_to_gray                         0x08004a78   Section        0  main.o(i.rgb565_to_gray)
    i.rgb565_to_y                            0x08004aa6   Section        0  fifo.o(i.rgb565_to_y)
    .constdata                               0x08004ad0   Section       18  stm32f1xx_hal_rcc.o(.constdata)
    aPredivFactorTable                       0x08004ad0   Data           2  stm32f1xx_hal_rcc.o(.constdata)
    aPLLMULFactorTable                       0x08004ad2   Data          16  stm32f1xx_hal_rcc.o(.constdata)
    .constdata                               0x08004ae2   Section       16  system_stm32f1xx.o(.constdata)
    .constdata                               0x08004af2   Section        8  system_stm32f1xx.o(.constdata)
    .data                                    0x20000000   Section       12  main.o(.data)
    .data                                    0x2000000c   Section       12  stm32f1xx_hal.o(.data)
    .data                                    0x20000018   Section        4  system_stm32f1xx.o(.data)
    .data                                    0x2000001c   Section       28  usbd_desc.o(.data)
    .data                                    0x20000038   Section       50  usbd_desc.o(.data)
    .data                                    0x2000006c   Section        2  usbd_custom_hid_if.o(.data)
    CUSTOM_HID_ReportDesc_FS                 0x2000006c   Data           2  usbd_custom_hid_if.o(.data)
    .data                                    0x20000070   Section       16  usbd_custom_hid_if.o(.data)
    .data                                    0x20000080   Section        1  usbd_ctlreq.o(.data)
    cfgidx                                   0x20000080   Data           1  usbd_ctlreq.o(.data)
    .data                                    0x20000084   Section       56  usbd_customhid.o(.data)
    .data                                    0x200000bc   Section      154  usbd_customhid.o(.data)
    USBD_CUSTOM_HID_CfgFSDesc                0x200000bc   Data          41  usbd_customhid.o(.data)
    USBD_CUSTOM_HID_CfgHSDesc                0x200000e8   Data          41  usbd_customhid.o(.data)
    USBD_CUSTOM_HID_OtherSpeedCfgDesc        0x20000114   Data          41  usbd_customhid.o(.data)
    USBD_CUSTOM_HID_Desc                     0x20000140   Data           9  usbd_customhid.o(.data)
    USBD_CUSTOM_HID_DeviceQualifierDesc      0x2000014c   Data          10  usbd_customhid.o(.data)
    .bss                                     0x20000158   Section       84  i2c.o(.bss)
    .bss                                     0x200001ac   Section      144  tim.o(.bss)
    .bss                                     0x2000023c   Section       72  usart.o(.bss)
    .bss                                     0x20000284   Section      708  usb_device.o(.bss)
    .bss                                     0x20000548   Section      512  usbd_desc.o(.bss)
    .bss                                     0x20000748   Section      756  usbd_conf.o(.bss)
    mem                                      0x20000748   Data          28  usbd_conf.o(.bss)
    .bss                                     0x20000a3c   Section       96  libspace.o(.bss)
    HEAP                                     0x20000aa0   Section      512  startup_stm32f103xb.o(HEAP)
    Heap_Mem                                 0x20000aa0   Data         512  startup_stm32f103xb.o(HEAP)
    STACK                                    0x20000ca0   Section     1024  startup_stm32f103xb.o(STACK)
    Stack_Mem                                0x20000ca0   Data        1024  startup_stm32f103xb.o(STACK)
    __initial_sp                             0x200010a0   Data           0  startup_stm32f103xb.o(STACK)

    Global Symbols

    Symbol Name                              Value     Ov Type        Size  Object(Section)

    BuildAttributes$$THM_ISAv4$P$D$K$B$S$PE$A:L22UL41UL21$X:L11$S22US41US21$IEEE1$IW$USESV6$~STKCKD$USESV7$~SHL$OSPACE$ROPI$EBA8$UX$STANDARDLIB$REQ8$PRES8$EABIv2 0x00000000   Number         0  anon$$obj.o ABSOLUTE
    __ARM_use_no_argv                        0x00000000   Number         0  main.o ABSOLUTE
    __ARM_exceptions_init                     - Undefined Weak Reference
    __alloca_initialize                       - Undefined Weak Reference
    __arm_preinit_                            - Undefined Weak Reference
    __cpp_initialize__aeabi_                  - Undefined Weak Reference
    __cxa_finalize                            - Undefined Weak Reference
    __rt_locale                               - Undefined Weak Reference
    __sigvec_lookup                           - Undefined Weak Reference
    _atexit_init                              - Undefined Weak Reference
    _call_atexit_fns                          - Undefined Weak Reference
    _clock_init                               - Undefined Weak Reference
    _fp_trap_init                             - Undefined Weak Reference
    _fp_trap_shutdown                         - Undefined Weak Reference
    _get_lc_collate                           - Undefined Weak Reference
    _get_lc_ctype                             - Undefined Weak Reference
    _get_lc_monetary                          - Undefined Weak Reference
    _get_lc_numeric                           - Undefined Weak Reference
    _get_lc_time                              - Undefined Weak Reference
    _getenv_init                              - Undefined Weak Reference
    _handle_redirection                       - Undefined Weak Reference
    _init_alloc                               - Undefined Weak Reference
    _init_user_alloc                          - Undefined Weak Reference
    _initio                                   - Undefined Weak Reference
    _rand_init                                - Undefined Weak Reference
    _signal_finish                            - Undefined Weak Reference
    _signal_init                              - Undefined Weak Reference
    _terminate_alloc                          - Undefined Weak Reference
    _terminate_user_alloc                     - Undefined Weak Reference
    _terminateio                              - Undefined Weak Reference
    __Vectors_Size                           0x000000ec   Number         0  startup_stm32f103xb.o ABSOLUTE
    __Vectors                                0x08000000   Data           4  startup_stm32f103xb.o(RESET)
    __Vectors_End                            0x080000ec   Data           0  startup_stm32f103xb.o(RESET)
    __main                                   0x080000ed   Thumb Code     8  __main.o(!!!main)
    __scatterload                            0x080000f5   Thumb Code     0  __scatter.o(!!!scatter)
    __scatterload_rt2                        0x080000f5   Thumb Code    44  __scatter.o(!!!scatter)
    __scatterload_rt2_thumb_only             0x080000f5   Thumb Code     0  __scatter.o(!!!scatter)
    __scatterload_null                       0x08000103   Thumb Code     0  __scatter.o(!!!scatter)
    __decompress                             0x08000129   Thumb Code    90  __dczerorl2.o(!!dczerorl2)
    __decompress1                            0x08000129   Thumb Code     0  __dczerorl2.o(!!dczerorl2)
    __scatterload_zeroinit                   0x08000185   Thumb Code    28  __scatter_zi.o(!!handler_zi)
    __rt_lib_init                            0x080001a1   Thumb Code     0  libinit.o(.ARM.Collect$$libinit$$00000000)
    __rt_lib_init_alloca_1                   0x080001a3   Thumb Code     0  libinit2.o(.ARM.Collect$$libinit$$0000002E)
    __rt_lib_init_argv_1                     0x080001a3   Thumb Code     0  libinit2.o(.ARM.Collect$$libinit$$0000002C)
    __rt_lib_init_atexit_1                   0x080001a3   Thumb Code     0  libinit2.o(.ARM.Collect$$libinit$$0000001B)
    __rt_lib_init_clock_1                    0x080001a3   Thumb Code     0  libinit2.o(.ARM.Collect$$libinit$$00000021)
    __rt_lib_init_cpp_1                      0x080001a3   Thumb Code     0  libinit2.o(.ARM.Collect$$libinit$$00000032)
    __rt_lib_init_exceptions_1               0x080001a3   Thumb Code     0  libinit2.o(.ARM.Collect$$libinit$$00000030)
    __rt_lib_init_fp_1                       0x080001a3   Thumb Code     0  libinit2.o(.ARM.Collect$$libinit$$00000002)
    __rt_lib_init_fp_trap_1                  0x080001a3   Thumb Code     0  libinit2.o(.ARM.Collect$$libinit$$0000001F)
    __rt_lib_init_getenv_1                   0x080001a3   Thumb Code     0  libinit2.o(.ARM.Collect$$libinit$$00000023)
    __rt_lib_init_heap_1                     0x080001a3   Thumb Code     0  libinit2.o(.ARM.Collect$$libinit$$0000000A)
    __rt_lib_init_lc_collate_1               0x080001a3   Thumb Code     0  libinit2.o(.ARM.Collect$$libinit$$00000011)
    __rt_lib_init_lc_ctype_1                 0x080001a3   Thumb Code     0  libinit2.o(.ARM.Collect$$libinit$$00000013)
    __rt_lib_init_lc_monetary_1              0x080001a3   Thumb Code     0  libinit2.o(.ARM.Collect$$libinit$$00000015)
    __rt_lib_init_lc_numeric_1               0x080001a3   Thumb Code     0  libinit2.o(.ARM.Collect$$libinit$$00000017)
    __rt_lib_init_lc_time_1                  0x080001a3   Thumb Code     0  libinit2.o(.ARM.Collect$$libinit$$00000019)
    __rt_lib_init_preinit_1                  0x080001a3   Thumb Code     0  libinit2.o(.ARM.Collect$$libinit$$00000004)
    __rt_lib_init_rand_1                     0x080001a3   Thumb Code     0  libinit2.o(.ARM.Collect$$libinit$$0000000E)
    __rt_lib_init_return                     0x080001a3   Thumb Code     0  libinit2.o(.ARM.Collect$$libinit$$00000033)
    __rt_lib_init_signal_1                   0x080001a3   Thumb Code     0  libinit2.o(.ARM.Collect$$libinit$$0000001D)
    __rt_lib_init_stdio_1                    0x080001a3   Thumb Code     0  libinit2.o(.ARM.Collect$$libinit$$00000025)
    __rt_lib_init_user_alloc_1               0x080001a3   Thumb Code     0  libinit2.o(.ARM.Collect$$libinit$$0000000C)
    __rt_lib_shutdown                        0x080001a5   Thumb Code     0  libshutdown.o(.ARM.Collect$$libshutdown$$00000000)
    __rt_lib_shutdown_cpp_1                  0x080001a7   Thumb Code     0  libshutdown2.o(.ARM.Collect$$libshutdown$$00000002)
    __rt_lib_shutdown_fp_trap_1              0x080001a7   Thumb Code     0  libshutdown2.o(.ARM.Collect$$libshutdown$$00000007)
    __rt_lib_shutdown_heap_1                 0x080001a7   Thumb Code     0  libshutdown2.o(.ARM.Collect$$libshutdown$$0000000F)
    __rt_lib_shutdown_return                 0x080001a7   Thumb Code     0  libshutdown2.o(.ARM.Collect$$libshutdown$$00000010)
    __rt_lib_shutdown_signal_1               0x080001a7   Thumb Code     0  libshutdown2.o(.ARM.Collect$$libshutdown$$0000000A)
    __rt_lib_shutdown_stdio_1                0x080001a7   Thumb Code     0  libshutdown2.o(.ARM.Collect$$libshutdown$$00000004)
    __rt_lib_shutdown_user_alloc_1           0x080001a7   Thumb Code     0  libshutdown2.o(.ARM.Collect$$libshutdown$$0000000C)
    __rt_entry                               0x080001a9   Thumb Code     0  __rtentry.o(.ARM.Collect$$rtentry$$00000000)
    __rt_entry_presh_1                       0x080001a9   Thumb Code     0  __rtentry2.o(.ARM.Collect$$rtentry$$00000002)
    __rt_entry_sh                            0x080001a9   Thumb Code     0  __rtentry4.o(.ARM.Collect$$rtentry$$00000004)
    __rt_entry_li                            0x080001af   Thumb Code     0  __rtentry2.o(.ARM.Collect$$rtentry$$0000000A)
    __rt_entry_postsh_1                      0x080001af   Thumb Code     0  __rtentry2.o(.ARM.Collect$$rtentry$$00000009)
    __rt_entry_main                          0x080001b3   Thumb Code     0  __rtentry2.o(.ARM.Collect$$rtentry$$0000000D)
    __rt_entry_postli_1                      0x080001b3   Thumb Code     0  __rtentry2.o(.ARM.Collect$$rtentry$$0000000C)
    __rt_exit                                0x080001bb   Thumb Code     0  rtexit.o(.ARM.Collect$$rtexit$$00000000)
    __rt_exit_ls                             0x080001bd   Thumb Code     0  rtexit2.o(.ARM.Collect$$rtexit$$00000003)
    __rt_exit_prels_1                        0x080001bd   Thumb Code     0  rtexit2.o(.ARM.Collect$$rtexit$$00000002)
    __rt_exit_exit                           0x080001c1   Thumb Code     0  rtexit2.o(.ARM.Collect$$rtexit$$00000004)
    Reset_Handler                            0x080001c9   Thumb Code     8  startup_stm32f103xb.o(.text)
    ADC1_2_IRQHandler                        0x080001e3   Thumb Code     0  startup_stm32f103xb.o(.text)
    CAN1_RX1_IRQHandler                      0x080001e3   Thumb Code     0  startup_stm32f103xb.o(.text)
    CAN1_SCE_IRQHandler                      0x080001e3   Thumb Code     0  startup_stm32f103xb.o(.text)
    DMA1_Channel1_IRQHandler                 0x080001e3   Thumb Code     0  startup_stm32f103xb.o(.text)
    DMA1_Channel2_IRQHandler                 0x080001e3   Thumb Code     0  startup_stm32f103xb.o(.text)
    DMA1_Channel3_IRQHandler                 0x080001e3   Thumb Code     0  startup_stm32f103xb.o(.text)
    DMA1_Channel4_IRQHandler                 0x080001e3   Thumb Code     0  startup_stm32f103xb.o(.text)
    DMA1_Channel5_IRQHandler                 0x080001e3   Thumb Code     0  startup_stm32f103xb.o(.text)
    DMA1_Channel6_IRQHandler                 0x080001e3   Thumb Code     0  startup_stm32f103xb.o(.text)
    DMA1_Channel7_IRQHandler                 0x080001e3   Thumb Code     0  startup_stm32f103xb.o(.text)
    EXTI0_IRQHandler                         0x080001e3   Thumb Code     0  startup_stm32f103xb.o(.text)
    EXTI15_10_IRQHandler                     0x080001e3   Thumb Code     0  startup_stm32f103xb.o(.text)
    EXTI1_IRQHandler                         0x080001e3   Thumb Code     0  startup_stm32f103xb.o(.text)
    EXTI2_IRQHandler                         0x080001e3   Thumb Code     0  startup_stm32f103xb.o(.text)
    EXTI3_IRQHandler                         0x080001e3   Thumb Code     0  startup_stm32f103xb.o(.text)
    EXTI4_IRQHandler                         0x080001e3   Thumb Code     0  startup_stm32f103xb.o(.text)
    EXTI9_5_IRQHandler                       0x080001e3   Thumb Code     0  startup_stm32f103xb.o(.text)
    FLASH_IRQHandler                         0x080001e3   Thumb Code     0  startup_stm32f103xb.o(.text)
    I2C1_ER_IRQHandler                       0x080001e3   Thumb Code     0  startup_stm32f103xb.o(.text)
    I2C1_EV_IRQHandler                       0x080001e3   Thumb Code     0  startup_stm32f103xb.o(.text)
    I2C2_ER_IRQHandler                       0x080001e3   Thumb Code     0  startup_stm32f103xb.o(.text)
    I2C2_EV_IRQHandler                       0x080001e3   Thumb Code     0  startup_stm32f103xb.o(.text)
    PVD_IRQHandler                           0x080001e3   Thumb Code     0  startup_stm32f103xb.o(.text)
    RCC_IRQHandler                           0x080001e3   Thumb Code     0  startup_stm32f103xb.o(.text)
    RTC_Alarm_IRQHandler                     0x080001e3   Thumb Code     0  startup_stm32f103xb.o(.text)
    RTC_IRQHandler                           0x080001e3   Thumb Code     0  startup_stm32f103xb.o(.text)
    SPI1_IRQHandler                          0x080001e3   Thumb Code     0  startup_stm32f103xb.o(.text)
    SPI2_IRQHandler                          0x080001e3   Thumb Code     0  startup_stm32f103xb.o(.text)
    TAMPER_IRQHandler                        0x080001e3   Thumb Code     0  startup_stm32f103xb.o(.text)
    TIM1_BRK_IRQHandler                      0x080001e3   Thumb Code     0  startup_stm32f103xb.o(.text)
    TIM1_CC_IRQHandler                       0x080001e3   Thumb Code     0  startup_stm32f103xb.o(.text)
    TIM1_TRG_COM_IRQHandler                  0x080001e3   Thumb Code     0  startup_stm32f103xb.o(.text)
    TIM1_UP_IRQHandler                       0x080001e3   Thumb Code     0  startup_stm32f103xb.o(.text)
    TIM3_IRQHandler                          0x080001e3   Thumb Code     0  startup_stm32f103xb.o(.text)
    TIM4_IRQHandler                          0x080001e3   Thumb Code     0  startup_stm32f103xb.o(.text)
    USART1_IRQHandler                        0x080001e3   Thumb Code     0  startup_stm32f103xb.o(.text)
    USART2_IRQHandler                        0x080001e3   Thumb Code     0  startup_stm32f103xb.o(.text)
    USART3_IRQHandler                        0x080001e3   Thumb Code     0  startup_stm32f103xb.o(.text)
    USBWakeUp_IRQHandler                     0x080001e3   Thumb Code     0  startup_stm32f103xb.o(.text)
    USB_HP_CAN1_TX_IRQHandler                0x080001e3   Thumb Code     0  startup_stm32f103xb.o(.text)
    WWDG_IRQHandler                          0x080001e3   Thumb Code     0  startup_stm32f103xb.o(.text)
    __user_initial_stackheap                 0x080001e5   Thumb Code     0  startup_stm32f103xb.o(.text)
    strlen                                   0x08000209   Thumb Code    62  strlen.o(.text)
    __aeabi_memclr4                          0x08000247   Thumb Code     0  rt_memclr_w.o(.text)
    __aeabi_memclr8                          0x08000247   Thumb Code     0  rt_memclr_w.o(.text)
    __rt_memclr_w                            0x08000247   Thumb Code    78  rt_memclr_w.o(.text)
    _memset_w                                0x0800024b   Thumb Code     0  rt_memclr_w.o(.text)
    __use_two_region_memory                  0x08000295   Thumb Code     2  heapauxi.o(.text)
    __rt_heap_escrow$2region                 0x08000297   Thumb Code     2  heapauxi.o(.text)
    __rt_heap_expand$2region                 0x08000299   Thumb Code     2  heapauxi.o(.text)
    __user_setup_stackheap                   0x0800029b   Thumb Code    74  sys_stackheap_outer.o(.text)
    exit                                     0x080002e5   Thumb Code    18  exit.o(.text)
    __user_libspace                          0x080002f9   Thumb Code     8  libspace.o(.text)
    __user_perproc_libspace                  0x080002f9   Thumb Code     0  libspace.o(.text)
    __user_perthread_libspace                0x080002f9   Thumb Code     0  libspace.o(.text)
    _sys_exit                                0x08000301   Thumb Code     8  sys_exit.o(.text)
    __I$use$semihosting                      0x0800030d   Thumb Code     0  use_no_semi.o(.text)
    __use_no_semihosting_swi                 0x0800030d   Thumb Code     2  use_no_semi.o(.text)
    BusFault_Handler                         0x0800030f   Thumb Code     2  stm32f1xx_it.o(i.BusFault_Handler)
    __semihosting_library_function           0x0800030f   Thumb Code     0  indicate_semi.o(.text)
    DebugMon_Handler                         0x0800031d   Thumb Code     2  stm32f1xx_it.o(i.DebugMon_Handler)
    Error_Handler                            0x0800031f   Thumb Code     4  main.o(i.Error_Handler)
    FIFO_Init                                0x08000325   Thumb Code    62  fifo.o(i.FIFO_Init)
    FIFO_ReadByte                            0x0800036d   Thumb Code   102  fifo.o(i.FIFO_ReadByte)
    FIFO_StartReadFrame                      0x080003dd   Thumb Code    92  fifo.o(i.FIFO_StartReadFrame)
    HAL_Delay                                0x08000441   Thumb Code    32  stm32f1xx_hal.o(i.HAL_Delay)
    HAL_GPIO_Init                            0x08000465   Thumb Code   446  stm32f1xx_hal_gpio.o(i.HAL_GPIO_Init)
    HAL_GPIO_ReadPin                         0x08000645   Thumb Code    10  stm32f1xx_hal_gpio.o(i.HAL_GPIO_ReadPin)
    HAL_GPIO_WritePin                        0x0800064f   Thumb Code    10  stm32f1xx_hal_gpio.o(i.HAL_GPIO_WritePin)
    HAL_GetTick                              0x08000659   Thumb Code     6  stm32f1xx_hal.o(i.HAL_GetTick)
    HAL_I2C_Init                             0x08000665   Thumb Code   376  stm32f1xx_hal_i2c.o(i.HAL_I2C_Init)
    HAL_I2C_Mem_Write                        0x080007ed   Thumb Code   294  stm32f1xx_hal_i2c.o(i.HAL_I2C_Mem_Write)
    HAL_I2C_MspInit                          0x0800091d   Thumb Code    96  i2c.o(i.HAL_I2C_MspInit)
    HAL_IncTick                              0x0800098d   Thumb Code    12  stm32f1xx_hal.o(i.HAL_IncTick)
    HAL_Init                                 0x0800099d   Thumb Code    32  stm32f1xx_hal.o(i.HAL_Init)
    HAL_InitTick                             0x080009c1   Thumb Code    54  stm32f1xx_hal.o(i.HAL_InitTick)
    HAL_MspInit                              0x08000a01   Thumb Code    52  stm32f1xx_hal_msp.o(i.HAL_MspInit)
    HAL_NVIC_EnableIRQ                       0x08000a3d   Thumb Code    26  stm32f1xx_hal_cortex.o(i.HAL_NVIC_EnableIRQ)
    HAL_NVIC_SetPriority                     0x08000a59   Thumb Code    60  stm32f1xx_hal_cortex.o(i.HAL_NVIC_SetPriority)
    HAL_NVIC_SetPriorityGrouping             0x08000a99   Thumb Code    26  stm32f1xx_hal_cortex.o(i.HAL_NVIC_SetPriorityGrouping)
    HAL_PCDEx_PMAConfig                      0x08000abd   Thumb Code    60  stm32f1xx_hal_pcd_ex.o(i.HAL_PCDEx_PMAConfig)
    HAL_PCDEx_SetConnectionState             0x08000af9   Thumb Code     2  usbd_conf.o(i.HAL_PCDEx_SetConnectionState)
    HAL_PCD_DataInStageCallback              0x08000afb   Thumb Code    18  usbd_conf.o(i.HAL_PCD_DataInStageCallback)
    HAL_PCD_DataOutStageCallback             0x08000b0d   Thumb Code    20  usbd_conf.o(i.HAL_PCD_DataOutStageCallback)
    HAL_PCD_EP_Close                         0x08000b21   Thumb Code    74  stm32f1xx_hal_pcd.o(i.HAL_PCD_EP_Close)
    HAL_PCD_EP_ClrStall                      0x08000b6b   Thumb Code    90  stm32f1xx_hal_pcd.o(i.HAL_PCD_EP_ClrStall)
    HAL_PCD_EP_Open                          0x08000fe3   Thumb Code    88  stm32f1xx_hal_pcd.o(i.HAL_PCD_EP_Open)
    HAL_PCD_EP_Receive                       0x0800103b   Thumb Code    46  stm32f1xx_hal_pcd.o(i.HAL_PCD_EP_Receive)
    HAL_PCD_EP_SetStall                      0x08001069   Thumb Code   112  stm32f1xx_hal_pcd.o(i.HAL_PCD_EP_SetStall)
    HAL_PCD_EP_Transmit                      0x080010d9   Thumb Code    46  stm32f1xx_hal_pcd.o(i.HAL_PCD_EP_Transmit)
    HAL_PCD_IRQHandler                       0x08001109   Thumb Code   308  stm32f1xx_hal_pcd.o(i.HAL_PCD_IRQHandler)
    HAL_PCD_Init                             0x0800123d   Thumb Code   186  stm32f1xx_hal_pcd.o(i.HAL_PCD_Init)
    HAL_PCD_MspInit                          0x080012f9   Thumb Code    50  usbd_conf.o(i.HAL_PCD_MspInit)
    HAL_PCD_ResetCallback                    0x08001335   Thumb Code    38  usbd_conf.o(i.HAL_PCD_ResetCallback)
    HAL_PCD_ResumeCallback                   0x0800135b   Thumb Code     8  usbd_conf.o(i.HAL_PCD_ResumeCallback)
    HAL_PCD_SOFCallback                      0x08001363   Thumb Code     8  usbd_conf.o(i.HAL_PCD_SOFCallback)
    HAL_PCD_SetAddress                       0x0800136b   Thumb Code    38  stm32f1xx_hal_pcd.o(i.HAL_PCD_SetAddress)
    HAL_PCD_SetupStageCallback               0x08001391   Thumb Code    14  usbd_conf.o(i.HAL_PCD_SetupStageCallback)
    HAL_PCD_Start                            0x0800139f   Thumb Code    50  stm32f1xx_hal_pcd.o(i.HAL_PCD_Start)
    HAL_PCD_SuspendCallback                  0x080013d1   Thumb Code    30  usbd_conf.o(i.HAL_PCD_SuspendCallback)
    HAL_RCCEx_PeriphCLKConfig                0x080013f5   Thumb Code   224  stm32f1xx_hal_rcc_ex.o(i.HAL_RCCEx_PeriphCLKConfig)
    HAL_RCC_ClockConfig                      0x080014e1   Thumb Code   280  stm32f1xx_hal_rcc.o(i.HAL_RCC_ClockConfig)
    HAL_RCC_GetPCLK1Freq                     0x0800160d   Thumb Code    20  stm32f1xx_hal_rcc.o(i.HAL_RCC_GetPCLK1Freq)
    HAL_RCC_GetPCLK2Freq                     0x0800162d   Thumb Code    20  stm32f1xx_hal_rcc.o(i.HAL_RCC_GetPCLK2Freq)
    HAL_RCC_GetSysClockFreq                  0x0800164d   Thumb Code    58  stm32f1xx_hal_rcc.o(i.HAL_RCC_GetSysClockFreq)
    HAL_RCC_OscConfig                        0x08001699   Thumb Code   778  stm32f1xx_hal_rcc.o(i.HAL_RCC_OscConfig)
    HAL_SYSTICK_Config                       0x080019b9   Thumb Code    40  stm32f1xx_hal_cortex.o(i.HAL_SYSTICK_Config)
    HAL_TIMEx_BreakCallback                  0x080019e1   Thumb Code     2  stm32f1xx_hal_tim_ex.o(i.HAL_TIMEx_BreakCallback)
    HAL_TIMEx_CommutCallback                 0x080019e3   Thumb Code     2  stm32f1xx_hal_tim_ex.o(i.HAL_TIMEx_CommutCallback)
    HAL_TIMEx_ConfigBreakDeadTime            0x080019e5   Thumb Code    84  stm32f1xx_hal_tim_ex.o(i.HAL_TIMEx_ConfigBreakDeadTime)
    HAL_TIMEx_MasterConfigSynchronization    0x08001a39   Thumb Code    92  stm32f1xx_hal_tim_ex.o(i.HAL_TIMEx_MasterConfigSynchronization)
    HAL_TIMEx_PWMN_Start                     0x08001aa1   Thumb Code   140  stm32f1xx_hal_tim_ex.o(i.HAL_TIMEx_PWMN_Start)
    HAL_TIM_Base_Init                        0x08001b39   Thumb Code    90  stm32f1xx_hal_tim.o(i.HAL_TIM_Base_Init)
    HAL_TIM_Base_MspInit                     0x08001b95   Thumb Code   130  tim.o(i.HAL_TIM_Base_MspInit)
    HAL_TIM_ConfigClockSource                0x08001c29   Thumb Code   220  stm32f1xx_hal_tim.o(i.HAL_TIM_ConfigClockSource)
    HAL_TIM_IC_CaptureCallback               0x08001d05   Thumb Code    44  main.o(i.HAL_TIM_IC_CaptureCallback)
    HAL_TIM_IC_ConfigChannel                 0x08001d39   Thumb Code   292  stm32f1xx_hal_tim.o(i.HAL_TIM_IC_ConfigChannel)
    HAL_TIM_IC_Init                          0x08001e5d   Thumb Code    90  stm32f1xx_hal_tim.o(i.HAL_TIM_IC_Init)
    HAL_TIM_IC_MspInit                       0x08001eb7   Thumb Code     2  stm32f1xx_hal_tim.o(i.HAL_TIM_IC_MspInit)
    HAL_TIM_IC_Start_IT                      0x08001eb9   Thumb Code   216  stm32f1xx_hal_tim.o(i.HAL_TIM_IC_Start_IT)
    HAL_TIM_IRQHandler                       0x08001f9d   Thumb Code   304  stm32f1xx_hal_tim.o(i.HAL_TIM_IRQHandler)
    HAL_TIM_MspPostInit                      0x080020cd   Thumb Code   124  tim.o(i.HAL_TIM_MspPostInit)
    HAL_TIM_OC_DelayElapsedCallback          0x0800215d   Thumb Code     2  stm32f1xx_hal_tim.o(i.HAL_TIM_OC_DelayElapsedCallback)
    HAL_TIM_PWM_ConfigChannel                0x0800215f   Thumb Code   204  stm32f1xx_hal_tim.o(i.HAL_TIM_PWM_ConfigChannel)
    HAL_TIM_PWM_Init                         0x0800222b   Thumb Code    90  stm32f1xx_hal_tim.o(i.HAL_TIM_PWM_Init)
    HAL_TIM_PWM_MspInit                      0x08002285   Thumb Code     2  stm32f1xx_hal_tim.o(i.HAL_TIM_PWM_MspInit)
    HAL_TIM_PWM_PulseFinishedCallback        0x08002287   Thumb Code     2  stm32f1xx_hal_tim.o(i.HAL_TIM_PWM_PulseFinishedCallback)
    HAL_TIM_PeriodElapsedCallback            0x08002289   Thumb Code     2  stm32f1xx_hal_tim.o(i.HAL_TIM_PeriodElapsedCallback)
    HAL_TIM_TriggerCallback                  0x0800228b   Thumb Code     2  stm32f1xx_hal_tim.o(i.HAL_TIM_TriggerCallback)
    HAL_UART_Init                            0x0800228d   Thumb Code   100  stm32f1xx_hal_uart.o(i.HAL_UART_Init)
    HAL_UART_MspInit                         0x080022f1   Thumb Code   100  usart.o(i.HAL_UART_MspInit)
    HAL_UART_Transmit                        0x08002361   Thumb Code   160  stm32f1xx_hal_uart.o(i.HAL_UART_Transmit)
    HardFault_Handler                        0x08002401   Thumb Code     2  stm32f1xx_it.o(i.HardFault_Handler)
    MX_GPIO_Init                             0x0800270d   Thumb Code   136  gpio.o(i.MX_GPIO_Init)
    MX_I2C1_Init                             0x080027a1   Thumb Code    50  i2c.o(i.MX_I2C1_Init)
    MX_TIM1_Init                             0x080027e1   Thumb Code   206  tim.o(i.MX_TIM1_Init)
    MX_TIM2_Init                             0x080028b9   Thumb Code   192  tim.o(i.MX_TIM2_Init)
    MX_USART1_UART_Init                      0x0800297d   Thumb Code    48  usart.o(i.MX_USART1_UART_Init)
    MX_USB_DEVICE_Init                       0x080029b5   Thumb Code    66  usb_device.o(i.MX_USB_DEVICE_Init)
    MemManage_Handler                        0x08002a09   Thumb Code     2  stm32f1xx_it.o(i.MemManage_Handler)
    NMI_Handler                              0x08002a0b   Thumb Code     2  stm32f1xx_it.o(i.NMI_Handler)
    OV7670_Init                              0x08002a0d   Thumb Code   152  ov7670.o(i.OV7670_Init)
    PendSV_Handler                           0x08002e4b   Thumb Code     2  stm32f1xx_it.o(i.PendSV_Handler)
    SCCB_W_Reg                               0x08002e4d   Thumb Code    26  sccb.o(i.SCCB_W_Reg)
    SVC_Handler                              0x08002e67   Thumb Code     2  stm32f1xx_it.o(i.SVC_Handler)
    SysTick_Handler                          0x08002e69   Thumb Code     4  stm32f1xx_it.o(i.SysTick_Handler)
    SystemClock_Config                       0x08002e6d   Thumb Code   118  main.o(i.SystemClock_Config)
    SystemInit                               0x08002ee3   Thumb Code     2  system_stm32f1xx.o(i.SystemInit)
    TIM2_IRQHandler                          0x08002ee5   Thumb Code     6  stm32f1xx_it.o(i.TIM2_IRQHandler)
    TIM_Base_SetConfig                       0x08002ef1   Thumb Code   108  stm32f1xx_hal_tim.o(i.TIM_Base_SetConfig)
    TIM_CCxChannelCmd                        0x08002f69   Thumb Code    26  stm32f1xx_hal_tim.o(i.TIM_CCxChannelCmd)
    TIM_ETR_SetConfig                        0x08002f9d   Thumb Code    20  stm32f1xx_hal_tim.o(i.TIM_ETR_SetConfig)
    TIM_OC2_SetConfig                        0x08003011   Thumb Code    84  stm32f1xx_hal_tim.o(i.TIM_OC2_SetConfig)
    TIM_TI1_SetConfig                        0x08003129   Thumb Code    76  stm32f1xx_hal_tim.o(i.TIM_TI1_SetConfig)
    USBD_CUSTOM_HID_RegisterInterface        0x0800345f   Thumb Code    16  usbd_customhid.o(i.USBD_CUSTOM_HID_RegisterInterface)
    USBD_ClrClassConfig                      0x0800354d   Thumb Code    14  usbd_core.o(i.USBD_ClrClassConfig)
    USBD_CtlContinueRx                       0x0800355b   Thumb Code    16  usbd_ioreq.o(i.USBD_CtlContinueRx)
    USBD_CtlContinueSendData                 0x0800356b   Thumb Code    16  usbd_ioreq.o(i.USBD_CtlContinueSendData)
    USBD_CtlError                            0x0800357b   Thumb Code    22  usbd_ctlreq.o(i.USBD_CtlError)
    USBD_CtlPrepareRx                        0x08003591   Thumb Code    30  usbd_ioreq.o(i.USBD_CtlPrepareRx)
    USBD_CtlReceiveStatus                    0x080035af   Thumb Code    22  usbd_ioreq.o(i.USBD_CtlReceiveStatus)
    USBD_CtlSendData                         0x080035c5   Thumb Code    26  usbd_ioreq.o(i.USBD_CtlSendData)
    USBD_CtlSendStatus                       0x080035df   Thumb Code    22  usbd_ioreq.o(i.USBD_CtlSendStatus)
    USBD_FS_ConfigStrDescriptor              0x080035f5   Thumb Code    16  usbd_desc.o(i.USBD_FS_ConfigStrDescriptor)
    USBD_FS_DeviceDescriptor                 0x0800361d   Thumb Code     8  usbd_desc.o(i.USBD_FS_DeviceDescriptor)
    USBD_FS_InterfaceStrDescriptor           0x08003629   Thumb Code    16  usbd_desc.o(i.USBD_FS_InterfaceStrDescriptor)
    USBD_FS_LangIDStrDescriptor              0x08003655   Thumb Code     8  usbd_desc.o(i.USBD_FS_LangIDStrDescriptor)
    USBD_FS_ManufacturerStrDescriptor        0x08003661   Thumb Code    16  usbd_desc.o(i.USBD_FS_ManufacturerStrDescriptor)
    USBD_FS_ProductStrDescriptor             0x08003689   Thumb Code    16  usbd_desc.o(i.USBD_FS_ProductStrDescriptor)
    USBD_FS_SerialStrDescriptor              0x080036bd   Thumb Code    48  usbd_desc.o(i.USBD_FS_SerialStrDescriptor)
    USBD_GetString                           0x080037dd   Thumb Code    72  usbd_ctlreq.o(i.USBD_GetString)
    USBD_Init                                0x0800383d   Thumb Code    42  usbd_core.o(i.USBD_Init)
    USBD_LL_ClearStallEP                     0x08003867   Thumb Code    18  usbd_conf.o(i.USBD_LL_ClearStallEP)
    USBD_LL_CloseEP                          0x08003879   Thumb Code    18  usbd_conf.o(i.USBD_LL_CloseEP)
    USBD_LL_DataInStage                      0x0800388b   Thumb Code   198  usbd_core.o(i.USBD_LL_DataInStage)
    USBD_LL_DataOutStage                     0x08003951   Thumb Code   130  usbd_core.o(i.USBD_LL_DataOutStage)
    USBD_LL_Init                             0x080039d5   Thumb Code   104  usbd_conf.o(i.USBD_LL_Init)
    USBD_LL_IsStallEP                        0x08003a45   Thumb Code    30  usbd_conf.o(i.USBD_LL_IsStallEP)
    USBD_LL_OpenEP                           0x08003a63   Thumb Code    24  usbd_conf.o(i.USBD_LL_OpenEP)
    USBD_LL_PrepareReceive                   0x08003a7b   Thumb Code    18  usbd_conf.o(i.USBD_LL_PrepareReceive)
    USBD_LL_Reset                            0x08003a8d   Thumb Code    80  usbd_core.o(i.USBD_LL_Reset)
    USBD_LL_Resume                           0x08003add   Thumb Code    20  usbd_core.o(i.USBD_LL_Resume)
    USBD_LL_SOF                              0x08003af1   Thumb Code    24  usbd_core.o(i.USBD_LL_SOF)
    USBD_LL_SetSpeed                         0x08003b09   Thumb Code     6  usbd_core.o(i.USBD_LL_SetSpeed)
    USBD_LL_SetUSBAddress                    0x08003b0f   Thumb Code    18  usbd_conf.o(i.USBD_LL_SetUSBAddress)
    USBD_LL_SetupStage                       0x08003b21   Thumb Code    90  usbd_core.o(i.USBD_LL_SetupStage)
    USBD_LL_StallEP                          0x08003b7b   Thumb Code    18  usbd_conf.o(i.USBD_LL_StallEP)
    USBD_LL_Start                            0x08003b8d   Thumb Code    18  usbd_conf.o(i.USBD_LL_Start)
    USBD_LL_Suspend                          0x08003b9f   Thumb Code    18  usbd_core.o(i.USBD_LL_Suspend)
    USBD_LL_Transmit                         0x08003bb1   Thumb Code    18  usbd_conf.o(i.USBD_LL_Transmit)
    USBD_ParseSetupRequest                   0x08003bc3   Thumb Code    40  usbd_ctlreq.o(i.USBD_ParseSetupRequest)
    USBD_RegisterClass                       0x08003beb   Thumb Code    16  usbd_core.o(i.USBD_RegisterClass)
    USBD_SetClassConfig                      0x08003bfb   Thumb Code    22  usbd_core.o(i.USBD_SetClassConfig)
    USBD_Start                               0x08003c95   Thumb Code    10  usbd_core.o(i.USBD_Start)
    USBD_StdDevReq                           0x08003c9f   Thumb Code   274  usbd_ctlreq.o(i.USBD_StdDevReq)
    USBD_StdEPReq                            0x08003db1   Thumb Code   336  usbd_ctlreq.o(i.USBD_StdEPReq)
    USBD_StdItfReq                           0x08003f01   Thumb Code    78  usbd_ctlreq.o(i.USBD_StdItfReq)
    USBD_static_free                         0x08003f4f   Thumb Code     2  usbd_conf.o(i.USBD_static_free)
    USBD_static_malloc                       0x08003f51   Thumb Code     4  usbd_conf.o(i.USBD_static_malloc)
    USB_ActivateEndpoint                     0x08003f59   Thumb Code   668  stm32f1xx_ll_usb.o(i.USB_ActivateEndpoint)
    USB_CoreInit                             0x080041f5   Thumb Code     4  stm32f1xx_ll_usb.o(i.USB_CoreInit)
    USB_DeactivateEndpoint                   0x080041f9   Thumb Code   270  stm32f1xx_ll_usb.o(i.USB_DeactivateEndpoint)
    USB_DevConnect                           0x08004307   Thumb Code     4  stm32f1xx_ll_usb.o(i.USB_DevConnect)
    USB_DevDisconnect                        0x0800430b   Thumb Code     4  stm32f1xx_ll_usb.o(i.USB_DevDisconnect)
    USB_DevInit                              0x0800430f   Thumb Code    18  stm32f1xx_ll_usb.o(i.USB_DevInit)
    USB_DisableGlobalInt                     0x08004321   Thumb Code    14  stm32f1xx_ll_usb.o(i.USB_DisableGlobalInt)
    USB_EP0_OutStart                         0x0800432f   Thumb Code     4  stm32f1xx_ll_usb.o(i.USB_EP0_OutStart)
    USB_EPClearStall                         0x08004333   Thumb Code   120  stm32f1xx_ll_usb.o(i.USB_EPClearStall)
    USB_EPSetStall                           0x080043ab   Thumb Code    50  stm32f1xx_ll_usb.o(i.USB_EPSetStall)
    USB_EPStartXfer                          0x080043dd   Thumb Code  1250  stm32f1xx_ll_usb.o(i.USB_EPStartXfer)
    USB_EnableGlobalInt                      0x080048bf   Thumb Code    18  stm32f1xx_ll_usb.o(i.USB_EnableGlobalInt)
    USB_LP_CAN1_RX0_IRQHandler               0x080048d1   Thumb Code     6  stm32f1xx_it.o(i.USB_LP_CAN1_RX0_IRQHandler)
    USB_ReadInterrupts                       0x080048dd   Thumb Code     6  stm32f1xx_ll_usb.o(i.USB_ReadInterrupts)
    USB_ReadPMA                              0x080048e5   Thumb Code    44  stm32f1xx_ll_usb.o(i.USB_ReadPMA)
    USB_SetCurrentMode                       0x08004911   Thumb Code     4  stm32f1xx_ll_usb.o(i.USB_SetCurrentMode)
    USB_SetDevAddress                        0x08004915   Thumb Code    12  stm32f1xx_ll_usb.o(i.USB_SetDevAddress)
    USB_WritePMA                             0x08004921   Thumb Code    38  stm32f1xx_ll_usb.o(i.USB_WritePMA)
    UsageFault_Handler                       0x08004947   Thumb Code     2  stm32f1xx_it.o(i.UsageFault_Handler)
    main                                     0x08004969   Thumb Code   226  main.o(i.main)
    rgb565_to_gray                           0x08004a79   Thumb Code    46  main.o(i.rgb565_to_gray)
    rgb565_to_y                              0x08004aa7   Thumb Code    42  fifo.o(i.rgb565_to_y)
    AHBPrescTable                            0x08004ae2   Data          16  system_stm32f1xx.o(.constdata)
    APBPrescTable                            0x08004af2   Data           8  system_stm32f1xx.o(.constdata)
    Region$$Table$$Base                      0x08004afc   Number         0  anon$$obj.o(Region$$Table)
    Region$$Table$$Limit                     0x08004b1c   Number         0  anon$$obj.o(Region$$Table)
    capture_count                            0x20000000   Data           1  main.o(.data)
    last_capture_time                        0x20000004   Data           4  main.o(.data)
    time_elapsed                             0x20000008   Data           4  main.o(.data)
    uwTickFreq                               0x2000000c   Data           1  stm32f1xx_hal.o(.data)
    uwTickPrio                               0x20000010   Data           4  stm32f1xx_hal.o(.data)
    uwTick                                   0x20000014   Data           4  stm32f1xx_hal.o(.data)
    SystemCoreClock                          0x20000018   Data           4  system_stm32f1xx.o(.data)
    FS_Desc                                  0x2000001c   Data          28  usbd_desc.o(.data)
    USBD_LangIDDesc                          0x20000038   Data           4  usbd_desc.o(.data)
    USBD_FS_DeviceDesc                       0x2000003c   Data          18  usbd_desc.o(.data)
    USBD_StringSerial                        0x20000050   Data          26  usbd_desc.o(.data)
    USBD_CustomHID_fops_FS                   0x20000070   Data          16  usbd_custom_hid_if.o(.data)
    USBD_CUSTOM_HID                          0x20000084   Data          56  usbd_customhid.o(.data)
    hi2c1                                    0x20000158   Data          84  i2c.o(.bss)
    htim1                                    0x200001ac   Data          72  tim.o(.bss)
    htim2                                    0x200001f4   Data          72  tim.o(.bss)
    huart1                                   0x2000023c   Data          72  usart.o(.bss)
    hUsbDeviceFS                             0x20000284   Data         708  usb_device.o(.bss)
    USBD_StrDesc                             0x20000548   Data         512  usbd_desc.o(.bss)
    hpcd_USB_FS                              0x20000764   Data         728  usbd_conf.o(.bss)
    __libspace_start                         0x20000a3c   Data          96  libspace.o(.bss)
    __temporary_stack_top$libspace           0x20000a9c   Data           0  libspace.o(.bss)



==============================================================================

Memory Map of the image

  Image Entry point : 0x080000ed

  Load Region LR_IROM1 (Base: 0x08000000, Size: 0x00004c74, Max: 0x00010000, ABSOLUTE, COMPRESSED[0x00004bc4])

    Execution Region ER_IROM1 (Base: 0x08000000, Size: 0x00004b1c, Max: 0x00010000, ABSOLUTE)

    Base Addr    Size         Type   Attr      Idx    E Section Name        Object

    0x08000000   0x000000ec   Data   RO            3    RESET               startup_stm32f103xb.o
    0x080000ec   0x00000008   Code   RO         4626  * !!!main             c_w.l(__main.o)
    0x080000f4   0x00000034   Code   RO         4785    !!!scatter          c_w.l(__scatter.o)
    0x08000128   0x0000005a   Code   RO         4783    !!dczerorl2         c_w.l(__dczerorl2.o)
    0x08000182   0x00000002   PAD
    0x08000184   0x0000001c   Code   RO         4787    !!handler_zi        c_w.l(__scatter_zi.o)
    0x080001a0   0x00000002   Code   RO         4653    .ARM.Collect$$libinit$$00000000  c_w.l(libinit.o)
    0x080001a2   0x00000000   Code   RO         4660    .ARM.Collect$$libinit$$00000002  c_w.l(libinit2.o)
    0x080001a2   0x00000000   Code   RO         4662    .ARM.Collect$$libinit$$00000004  c_w.l(libinit2.o)
    0x080001a2   0x00000000   Code   RO         4665    .ARM.Collect$$libinit$$0000000A  c_w.l(libinit2.o)
    0x080001a2   0x00000000   Code   RO         4667    .ARM.Collect$$libinit$$0000000C  c_w.l(libinit2.o)
    0x080001a2   0x00000000   Code   RO         4669    .ARM.Collect$$libinit$$0000000E  c_w.l(libinit2.o)
    0x080001a2   0x00000000   Code   RO         4672    .ARM.Collect$$libinit$$00000011  c_w.l(libinit2.o)
    0x080001a2   0x00000000   Code   RO         4674    .ARM.Collect$$libinit$$00000013  c_w.l(libinit2.o)
    0x080001a2   0x00000000   Code   RO         4676    .ARM.Collect$$libinit$$00000015  c_w.l(libinit2.o)
    0x080001a2   0x00000000   Code   RO         4678    .ARM.Collect$$libinit$$00000017  c_w.l(libinit2.o)
    0x080001a2   0x00000000   Code   RO         4680    .ARM.Collect$$libinit$$00000019  c_w.l(libinit2.o)
    0x080001a2   0x00000000   Code   RO         4682    .ARM.Collect$$libinit$$0000001B  c_w.l(libinit2.o)
    0x080001a2   0x00000000   Code   RO         4684    .ARM.Collect$$libinit$$0000001D  c_w.l(libinit2.o)
    0x080001a2   0x00000000   Code   RO         4686    .ARM.Collect$$libinit$$0000001F  c_w.l(libinit2.o)
    0x080001a2   0x00000000   Code   RO         4688    .ARM.Collect$$libinit$$00000021  c_w.l(libinit2.o)
    0x080001a2   0x00000000   Code   RO         4690    .ARM.Collect$$libinit$$00000023  c_w.l(libinit2.o)
    0x080001a2   0x00000000   Code   RO         4692    .ARM.Collect$$libinit$$00000025  c_w.l(libinit2.o)
    0x080001a2   0x00000000   Code   RO         4696    .ARM.Collect$$libinit$$0000002C  c_w.l(libinit2.o)
    0x080001a2   0x00000000   Code   RO         4698    .ARM.Collect$$libinit$$0000002E  c_w.l(libinit2.o)
    0x080001a2   0x00000000   Code   RO         4700    .ARM.Collect$$libinit$$00000030  c_w.l(libinit2.o)
    0x080001a2   0x00000000   Code   RO         4702    .ARM.Collect$$libinit$$00000032  c_w.l(libinit2.o)
    0x080001a2   0x00000002   Code   RO         4703    .ARM.Collect$$libinit$$00000033  c_w.l(libinit2.o)
    0x080001a4   0x00000002   Code   RO         4723    .ARM.Collect$$libshutdown$$00000000  c_w.l(libshutdown.o)
    0x080001a6   0x00000000   Code   RO         4736    .ARM.Collect$$libshutdown$$00000002  c_w.l(libshutdown2.o)
    0x080001a6   0x00000000   Code   RO         4738    .ARM.Collect$$libshutdown$$00000004  c_w.l(libshutdown2.o)
    0x080001a6   0x00000000   Code   RO         4741    .ARM.Collect$$libshutdown$$00000007  c_w.l(libshutdown2.o)
    0x080001a6   0x00000000   Code   RO         4744    .ARM.Collect$$libshutdown$$0000000A  c_w.l(libshutdown2.o)
    0x080001a6   0x00000000   Code   RO         4746    .ARM.Collect$$libshutdown$$0000000C  c_w.l(libshutdown2.o)
    0x080001a6   0x00000000   Code   RO         4749    .ARM.Collect$$libshutdown$$0000000F  c_w.l(libshutdown2.o)
    0x080001a6   0x00000002   Code   RO         4750    .ARM.Collect$$libshutdown$$00000010  c_w.l(libshutdown2.o)
    0x080001a8   0x00000000   Code   RO         4628    .ARM.Collect$$rtentry$$00000000  c_w.l(__rtentry.o)
    0x080001a8   0x00000000   Code   RO         4630    .ARM.Collect$$rtentry$$00000002  c_w.l(__rtentry2.o)
    0x080001a8   0x00000006   Code   RO         4642    .ARM.Collect$$rtentry$$00000004  c_w.l(__rtentry4.o)
    0x080001ae   0x00000000   Code   RO         4632    .ARM.Collect$$rtentry$$00000009  c_w.l(__rtentry2.o)
    0x080001ae   0x00000004   Code   RO         4633    .ARM.Collect$$rtentry$$0000000A  c_w.l(__rtentry2.o)
    0x080001b2   0x00000000   Code   RO         4635    .ARM.Collect$$rtentry$$0000000C  c_w.l(__rtentry2.o)
    0x080001b2   0x00000008   Code   RO         4636    .ARM.Collect$$rtentry$$0000000D  c_w.l(__rtentry2.o)
    0x080001ba   0x00000002   Code   RO         4657    .ARM.Collect$$rtexit$$00000000  c_w.l(rtexit.o)
    0x080001bc   0x00000000   Code   RO         4705    .ARM.Collect$$rtexit$$00000002  c_w.l(rtexit2.o)
    0x080001bc   0x00000004   Code   RO         4706    .ARM.Collect$$rtexit$$00000003  c_w.l(rtexit2.o)
    0x080001c0   0x00000006   Code   RO         4707    .ARM.Collect$$rtexit$$00000004  c_w.l(rtexit2.o)
    0x080001c6   0x00000002   PAD
    0x080001c8   0x00000040   Code   RO            4    .text               startup_stm32f103xb.o
    0x08000208   0x0000003e   Code   RO         4620    .text               c_w.l(strlen.o)
    0x08000246   0x0000004e   Code   RO         4622    .text               c_w.l(rt_memclr_w.o)
    0x08000294   0x00000006   Code   RO         4624    .text               c_w.l(heapauxi.o)
    0x0800029a   0x0000004a   Code   RO         4644    .text               c_w.l(sys_stackheap_outer.o)
    0x080002e4   0x00000012   Code   RO         4646    .text               c_w.l(exit.o)
    0x080002f6   0x00000002   PAD
    0x080002f8   0x00000008   Code   RO         4654    .text               c_w.l(libspace.o)
    0x08000300   0x0000000c   Code   RO         4715    .text               c_w.l(sys_exit.o)
    0x0800030c   0x00000002   Code   RO         4726    .text               c_w.l(use_no_semi.o)
    0x0800030e   0x00000000   Code   RO         4728    .text               c_w.l(indicate_semi.o)
    0x0800030e   0x00000002   Code   RO          376    i.BusFault_Handler  stm32f1xx_it.o
    0x08000310   0x00000004   Code   RO         4016    i.CUSTOM_HID_DeInit_FS  usbd_custom_hid_if.o
    0x08000314   0x00000004   Code   RO         4017    i.CUSTOM_HID_Init_FS  usbd_custom_hid_if.o
    0x08000318   0x00000004   Code   RO         4018    i.CUSTOM_HID_OutEvent_FS  usbd_custom_hid_if.o
    0x0800031c   0x00000002   Code   RO          377    i.DebugMon_Handler  stm32f1xx_it.o
    0x0800031e   0x00000004   Code   RO           13    i.Error_Handler     main.o
    0x08000322   0x00000002   PAD
    0x08000324   0x00000048   Code   RO          489    i.FIFO_Init         fifo.o
    0x0800036c   0x00000070   Code   RO          490    i.FIFO_ReadByte     fifo.o
    0x080003dc   0x00000064   Code   RO          491    i.FIFO_StartReadFrame  fifo.o
    0x08000440   0x00000024   Code   RO         1101    i.HAL_Delay         stm32f1xx_hal.o
    0x08000464   0x000001e0   Code   RO         1411    i.HAL_GPIO_Init     stm32f1xx_hal_gpio.o
    0x08000644   0x0000000a   Code   RO         1413    i.HAL_GPIO_ReadPin  stm32f1xx_hal_gpio.o
    0x0800064e   0x0000000a   Code   RO         1415    i.HAL_GPIO_WritePin  stm32f1xx_hal_gpio.o
    0x08000658   0x0000000c   Code   RO         1105    i.HAL_GetTick       stm32f1xx_hal.o
    0x08000664   0x00000188   Code   RO         2082    i.HAL_I2C_Init      stm32f1xx_hal_i2c.o
    0x080007ec   0x00000130   Code   RO         2103    i.HAL_I2C_Mem_Write  stm32f1xx_hal_i2c.o
    0x0800091c   0x00000070   Code   RO          239    i.HAL_I2C_MspInit   i2c.o
    0x0800098c   0x00000010   Code   RO         1111    i.HAL_IncTick       stm32f1xx_hal.o
    0x0800099c   0x00000024   Code   RO         1112    i.HAL_Init          stm32f1xx_hal.o
    0x080009c0   0x00000040   Code   RO         1113    i.HAL_InitTick      stm32f1xx_hal.o
    0x08000a00   0x0000003c   Code   RO          464    i.HAL_MspInit       stm32f1xx_hal_msp.o
    0x08000a3c   0x0000001a   Code   RO         1571    i.HAL_NVIC_EnableIRQ  stm32f1xx_hal_cortex.o
    0x08000a56   0x00000002   PAD
    0x08000a58   0x00000040   Code   RO         1577    i.HAL_NVIC_SetPriority  stm32f1xx_hal_cortex.o
    0x08000a98   0x00000024   Code   RO         1578    i.HAL_NVIC_SetPriorityGrouping  stm32f1xx_hal_cortex.o
    0x08000abc   0x0000003c   Code   RO          868    i.HAL_PCDEx_PMAConfig  stm32f1xx_hal_pcd_ex.o
    0x08000af8   0x00000002   Code   RO         4057    i.HAL_PCDEx_SetConnectionState  usbd_conf.o
    0x08000afa   0x00000012   Code   RO         4059    i.HAL_PCD_DataInStageCallback  usbd_conf.o
    0x08000b0c   0x00000014   Code   RO         4060    i.HAL_PCD_DataOutStageCallback  usbd_conf.o
    0x08000b20   0x0000004a   Code   RO          639    i.HAL_PCD_EP_Close  stm32f1xx_hal_pcd.o
    0x08000b6a   0x0000005a   Code   RO          640    i.HAL_PCD_EP_ClrStall  stm32f1xx_hal_pcd.o
    0x08000bc4   0x000000e6   Code   RO          641    i.HAL_PCD_EP_DB_Receive  stm32f1xx_hal_pcd.o
    0x08000caa   0x00000338   Code   RO          642    i.HAL_PCD_EP_DB_Transmit  stm32f1xx_hal_pcd.o
    0x08000fe2   0x00000058   Code   RO          645    i.HAL_PCD_EP_Open   stm32f1xx_hal_pcd.o
    0x0800103a   0x0000002e   Code   RO          646    i.HAL_PCD_EP_Receive  stm32f1xx_hal_pcd.o
    0x08001068   0x00000070   Code   RO          647    i.HAL_PCD_EP_SetStall  stm32f1xx_hal_pcd.o
    0x080010d8   0x0000002e   Code   RO          648    i.HAL_PCD_EP_Transmit  stm32f1xx_hal_pcd.o
    0x08001106   0x00000002   PAD
    0x08001108   0x00000134   Code   RO          650    i.HAL_PCD_IRQHandler  stm32f1xx_hal_pcd.o
    0x0800123c   0x000000ba   Code   RO          653    i.HAL_PCD_Init      stm32f1xx_hal_pcd.o
    0x080012f6   0x00000002   PAD
    0x080012f8   0x0000003c   Code   RO         4065    i.HAL_PCD_MspInit   usbd_conf.o
    0x08001334   0x00000026   Code   RO         4066    i.HAL_PCD_ResetCallback  usbd_conf.o
    0x0800135a   0x00000008   Code   RO         4067    i.HAL_PCD_ResumeCallback  usbd_conf.o
    0x08001362   0x00000008   Code   RO         4068    i.HAL_PCD_SOFCallback  usbd_conf.o
    0x0800136a   0x00000026   Code   RO          659    i.HAL_PCD_SetAddress  stm32f1xx_hal_pcd.o
    0x08001390   0x0000000e   Code   RO         4069    i.HAL_PCD_SetupStageCallback  usbd_conf.o
    0x0800139e   0x00000032   Code   RO          661    i.HAL_PCD_Start     stm32f1xx_hal_pcd.o
    0x080013d0   0x00000024   Code   RO         4070    i.HAL_PCD_SuspendCallback  usbd_conf.o
    0x080013f4   0x000000ec   Code   RO         1373    i.HAL_RCCEx_PeriphCLKConfig  stm32f1xx_hal_rcc_ex.o
    0x080014e0   0x0000012c   Code   RO         1269    i.HAL_RCC_ClockConfig  stm32f1xx_hal_rcc.o
    0x0800160c   0x00000020   Code   RO         1276    i.HAL_RCC_GetPCLK1Freq  stm32f1xx_hal_rcc.o
    0x0800162c   0x00000020   Code   RO         1277    i.HAL_RCC_GetPCLK2Freq  stm32f1xx_hal_rcc.o
    0x0800164c   0x0000004c   Code   RO         1278    i.HAL_RCC_GetSysClockFreq  stm32f1xx_hal_rcc.o
    0x08001698   0x00000320   Code   RO         1281    i.HAL_RCC_OscConfig  stm32f1xx_hal_rcc.o
    0x080019b8   0x00000028   Code   RO         1582    i.HAL_SYSTICK_Config  stm32f1xx_hal_cortex.o
    0x080019e0   0x00000002   Code   RO         3214    i.HAL_TIMEx_BreakCallback  stm32f1xx_hal_tim_ex.o
    0x080019e2   0x00000002   Code   RO         3215    i.HAL_TIMEx_CommutCallback  stm32f1xx_hal_tim_ex.o
    0x080019e4   0x00000054   Code   RO         3217    i.HAL_TIMEx_ConfigBreakDeadTime  stm32f1xx_hal_tim_ex.o
    0x08001a38   0x00000068   Code   RO         3233    i.HAL_TIMEx_MasterConfigSynchronization  stm32f1xx_hal_tim_ex.o
    0x08001aa0   0x00000098   Code   RO         3244    i.HAL_TIMEx_PWMN_Start  stm32f1xx_hal_tim_ex.o
    0x08001b38   0x0000005a   Code   RO         2510    i.HAL_TIM_Base_Init  stm32f1xx_hal_tim.o
    0x08001b92   0x00000002   PAD
    0x08001b94   0x00000094   Code   RO          281    i.HAL_TIM_Base_MspInit  tim.o
    0x08001c28   0x000000dc   Code   RO         2519    i.HAL_TIM_ConfigClockSource  stm32f1xx_hal_tim.o
    0x08001d04   0x00000034   Code   RO           14    i.HAL_TIM_IC_CaptureCallback  main.o
    0x08001d38   0x00000124   Code   RO         2546    i.HAL_TIM_IC_ConfigChannel  stm32f1xx_hal_tim.o
    0x08001e5c   0x0000005a   Code   RO         2549    i.HAL_TIM_IC_Init   stm32f1xx_hal_tim.o
    0x08001eb6   0x00000002   Code   RO         2551    i.HAL_TIM_IC_MspInit  stm32f1xx_hal_tim.o
    0x08001eb8   0x000000e4   Code   RO         2554    i.HAL_TIM_IC_Start_IT  stm32f1xx_hal_tim.o
    0x08001f9c   0x00000130   Code   RO         2558    i.HAL_TIM_IRQHandler  stm32f1xx_hal_tim.o
    0x080020cc   0x00000090   Code   RO          282    i.HAL_TIM_MspPostInit  tim.o
    0x0800215c   0x00000002   Code   RO         2561    i.HAL_TIM_OC_DelayElapsedCallback  stm32f1xx_hal_tim.o
    0x0800215e   0x000000cc   Code   RO         2582    i.HAL_TIM_PWM_ConfigChannel  stm32f1xx_hal_tim.o
    0x0800222a   0x0000005a   Code   RO         2585    i.HAL_TIM_PWM_Init  stm32f1xx_hal_tim.o
    0x08002284   0x00000002   Code   RO         2587    i.HAL_TIM_PWM_MspInit  stm32f1xx_hal_tim.o
    0x08002286   0x00000002   Code   RO         2588    i.HAL_TIM_PWM_PulseFinishedCallback  stm32f1xx_hal_tim.o
    0x08002288   0x00000002   Code   RO         2596    i.HAL_TIM_PeriodElapsedCallback  stm32f1xx_hal_tim.o
    0x0800228a   0x00000002   Code   RO         2601    i.HAL_TIM_TriggerCallback  stm32f1xx_hal_tim.o
    0x0800228c   0x00000064   Code   RO         3511    i.HAL_UART_Init     stm32f1xx_hal_uart.o
    0x080022f0   0x00000070   Code   RO          335    i.HAL_UART_MspInit  usart.o
    0x08002360   0x000000a0   Code   RO         3519    i.HAL_UART_Transmit  stm32f1xx_hal_uart.o
    0x08002400   0x00000002   Code   RO          378    i.HardFault_Handler  stm32f1xx_it.o
    0x08002402   0x0000002e   Code   RO         2125    i.I2C_IsAcknowledgeFailed  stm32f1xx_hal_i2c.o
    0x08002430   0x000000a8   Code   RO         2136    i.I2C_RequestMemoryWrite  stm32f1xx_hal_i2c.o
    0x080024d8   0x00000056   Code   RO         2140    i.I2C_WaitOnBTFFlagUntilTimeout  stm32f1xx_hal_i2c.o
    0x0800252e   0x00000002   PAD
    0x08002530   0x00000090   Code   RO         2141    i.I2C_WaitOnFlagUntilTimeout  stm32f1xx_hal_i2c.o
    0x080025c0   0x000000bc   Code   RO         2142    i.I2C_WaitOnMasterAddressFlagUntilTimeout  stm32f1xx_hal_i2c.o
    0x0800267c   0x00000056   Code   RO         2144    i.I2C_WaitOnTXEFlagUntilTimeout  stm32f1xx_hal_i2c.o
    0x080026d2   0x00000002   PAD
    0x080026d4   0x00000038   Code   RO         3930    i.IntToUnicode      usbd_desc.o
    0x0800270c   0x00000094   Code   RO          214    i.MX_GPIO_Init      gpio.o
    0x080027a0   0x00000040   Code   RO          240    i.MX_I2C1_Init      i2c.o
    0x080027e0   0x000000d8   Code   RO          283    i.MX_TIM1_Init      tim.o
    0x080028b8   0x000000c4   Code   RO          284    i.MX_TIM2_Init      tim.o
    0x0800297c   0x00000038   Code   RO          336    i.MX_USART1_UART_Init  usart.o
    0x080029b4   0x00000054   Code   RO         3882    i.MX_USB_DEVICE_Init  usb_device.o
    0x08002a08   0x00000002   Code   RO          379    i.MemManage_Handler  stm32f1xx_it.o
    0x08002a0a   0x00000002   Code   RO          380    i.NMI_Handler       stm32f1xx_it.o
    0x08002a0c   0x00000098   Code   RO          566    i.OV7670_Init       ov7670.o
    0x08002aa4   0x000003a6   Code   RO          665    i.PCD_EP_ISR_Handler  stm32f1xx_hal_pcd.o
    0x08002e4a   0x00000002   Code   RO          381    i.PendSV_Handler    stm32f1xx_it.o
    0x08002e4c   0x0000001a   Code   RO          537    i.SCCB_W_Reg        sccb.o
    0x08002e66   0x00000002   Code   RO          382    i.SVC_Handler       stm32f1xx_it.o
    0x08002e68   0x00000004   Code   RO          383    i.SysTick_Handler   stm32f1xx_it.o
    0x08002e6c   0x00000076   Code   RO           16    i.SystemClock_Config  main.o
    0x08002ee2   0x00000002   Code   RO         3845    i.SystemInit        system_stm32f1xx.o
    0x08002ee4   0x0000000c   Code   RO          384    i.TIM2_IRQHandler   stm32f1xx_it.o
    0x08002ef0   0x00000078   Code   RO         2603    i.TIM_Base_SetConfig  stm32f1xx_hal_tim.o
    0x08002f68   0x0000001a   Code   RO         2604    i.TIM_CCxChannelCmd  stm32f1xx_hal_tim.o
    0x08002f82   0x0000001a   Code   RO         3253    i.TIM_CCxNChannelCmd  stm32f1xx_hal_tim_ex.o
    0x08002f9c   0x00000014   Code   RO         2614    i.TIM_ETR_SetConfig  stm32f1xx_hal_tim.o
    0x08002fb0   0x00000010   Code   RO         2615    i.TIM_ITRx_SetConfig  stm32f1xx_hal_tim.o
    0x08002fc0   0x00000050   Code   RO         2616    i.TIM_OC1_SetConfig  stm32f1xx_hal_tim.o
    0x08003010   0x00000058   Code   RO         2617    i.TIM_OC2_SetConfig  stm32f1xx_hal_tim.o
    0x08003068   0x00000058   Code   RO         2618    i.TIM_OC3_SetConfig  stm32f1xx_hal_tim.o
    0x080030c0   0x00000044   Code   RO         2619    i.TIM_OC4_SetConfig  stm32f1xx_hal_tim.o
    0x08003104   0x00000022   Code   RO         2621    i.TIM_TI1_ConfigInputStage  stm32f1xx_hal_tim.o
    0x08003126   0x00000002   PAD
    0x08003128   0x00000058   Code   RO         2622    i.TIM_TI1_SetConfig  stm32f1xx_hal_tim.o
    0x08003180   0x00000024   Code   RO         2623    i.TIM_TI2_ConfigInputStage  stm32f1xx_hal_tim.o
    0x080031a4   0x00000036   Code   RO         2624    i.TIM_TI2_SetConfig  stm32f1xx_hal_tim.o
    0x080031da   0x0000004e   Code   RO         3534    i.UART_EndRxTransfer  stm32f1xx_hal_uart.o
    0x08003228   0x000000b8   Code   RO         3537    i.UART_SetConfig    stm32f1xx_hal_uart.o
    0x080032e0   0x00000072   Code   RO         3540    i.UART_WaitOnFlagUntilTimeout  stm32f1xx_hal_uart.o
    0x08003352   0x0000000c   Code   RO         4532    i.USBD_CUSTOM_HID_DataIn  usbd_customhid.o
    0x0800335e   0x00000024   Code   RO         4533    i.USBD_CUSTOM_HID_DataOut  usbd_customhid.o
    0x08003382   0x00000038   Code   RO         4534    i.USBD_CUSTOM_HID_DeInit  usbd_customhid.o
    0x080033ba   0x00000022   Code   RO         4535    i.USBD_CUSTOM_HID_EP0_RxReady  usbd_customhid.o
    0x080033dc   0x0000000c   Code   RO         4536    i.USBD_CUSTOM_HID_GetDeviceQualifierDesc  usbd_customhid.o
    0x080033e8   0x0000000c   Code   RO         4537    i.USBD_CUSTOM_HID_GetFSCfgDesc  usbd_customhid.o
    0x080033f4   0x0000000c   Code   RO         4538    i.USBD_CUSTOM_HID_GetHSCfgDesc  usbd_customhid.o
    0x08003400   0x0000000c   Code   RO         4539    i.USBD_CUSTOM_HID_GetOtherSpeedCfgDesc  usbd_customhid.o
    0x0800340c   0x00000052   Code   RO         4540    i.USBD_CUSTOM_HID_Init  usbd_customhid.o
    0x0800345e   0x00000010   Code   RO         4541    i.USBD_CUSTOM_HID_RegisterInterface  usbd_customhid.o
    0x0800346e   0x00000002   PAD
    0x08003470   0x000000dc   Code   RO         4543    i.USBD_CUSTOM_HID_Setup  usbd_customhid.o
    0x0800354c   0x0000000e   Code   RO         4269    i.USBD_ClrClassConfig  usbd_core.o
    0x0800355a   0x00000010   Code   RO         4472    i.USBD_CtlContinueRx  usbd_ioreq.o
    0x0800356a   0x00000010   Code   RO         4473    i.USBD_CtlContinueSendData  usbd_ioreq.o
    0x0800357a   0x00000016   Code   RO         4407    i.USBD_CtlError     usbd_ctlreq.o
    0x08003590   0x0000001e   Code   RO         4474    i.USBD_CtlPrepareRx  usbd_ioreq.o
    0x080035ae   0x00000016   Code   RO         4475    i.USBD_CtlReceiveStatus  usbd_ioreq.o
    0x080035c4   0x0000001a   Code   RO         4476    i.USBD_CtlSendData  usbd_ioreq.o
    0x080035de   0x00000016   Code   RO         4477    i.USBD_CtlSendStatus  usbd_ioreq.o
    0x080035f4   0x00000028   Code   RO         3931    i.USBD_FS_ConfigStrDescriptor  usbd_desc.o
    0x0800361c   0x0000000c   Code   RO         3932    i.USBD_FS_DeviceDescriptor  usbd_desc.o
    0x08003628   0x0000002c   Code   RO         3933    i.USBD_FS_InterfaceStrDescriptor  usbd_desc.o
    0x08003654   0x0000000c   Code   RO         3934    i.USBD_FS_LangIDStrDescriptor  usbd_desc.o
    0x08003660   0x00000028   Code   RO         3935    i.USBD_FS_ManufacturerStrDescriptor  usbd_desc.o
    0x08003688   0x00000034   Code   RO         3936    i.USBD_FS_ProductStrDescriptor  usbd_desc.o
    0x080036bc   0x00000038   Code   RO         3937    i.USBD_FS_SerialStrDescriptor  usbd_desc.o
    0x080036f4   0x000000e8   Code   RO         4408    i.USBD_GetDescriptor  usbd_ctlreq.o
    0x080037dc   0x00000048   Code   RO         4409    i.USBD_GetString    usbd_ctlreq.o
    0x08003824   0x00000018   Code   RO         4071    i.USBD_Get_USB_Status  usbd_conf.o
    0x0800383c   0x0000002a   Code   RO         4271    i.USBD_Init         usbd_core.o
    0x08003866   0x00000012   Code   RO         4072    i.USBD_LL_ClearStallEP  usbd_conf.o
    0x08003878   0x00000012   Code   RO         4073    i.USBD_LL_CloseEP   usbd_conf.o
    0x0800388a   0x000000c6   Code   RO         4272    i.USBD_LL_DataInStage  usbd_core.o
    0x08003950   0x00000082   Code   RO         4273    i.USBD_LL_DataOutStage  usbd_core.o
    0x080039d2   0x00000002   PAD
    0x080039d4   0x00000070   Code   RO         4078    i.USBD_LL_Init      usbd_conf.o
    0x08003a44   0x0000001e   Code   RO         4079    i.USBD_LL_IsStallEP  usbd_conf.o
    0x08003a62   0x00000018   Code   RO         4080    i.USBD_LL_OpenEP    usbd_conf.o
    0x08003a7a   0x00000012   Code   RO         4081    i.USBD_LL_PrepareReceive  usbd_conf.o
    0x08003a8c   0x00000050   Code   RO         4278    i.USBD_LL_Reset     usbd_core.o
    0x08003adc   0x00000014   Code   RO         4279    i.USBD_LL_Resume    usbd_core.o
    0x08003af0   0x00000018   Code   RO         4280    i.USBD_LL_SOF       usbd_core.o
    0x08003b08   0x00000006   Code   RO         4281    i.USBD_LL_SetSpeed  usbd_core.o
    0x08003b0e   0x00000012   Code   RO         4082    i.USBD_LL_SetUSBAddress  usbd_conf.o
    0x08003b20   0x0000005a   Code   RO         4282    i.USBD_LL_SetupStage  usbd_core.o
    0x08003b7a   0x00000012   Code   RO         4083    i.USBD_LL_StallEP   usbd_conf.o
    0x08003b8c   0x00000012   Code   RO         4084    i.USBD_LL_Start     usbd_conf.o
    0x08003b9e   0x00000012   Code   RO         4283    i.USBD_LL_Suspend   usbd_core.o
    0x08003bb0   0x00000012   Code   RO         4086    i.USBD_LL_Transmit  usbd_conf.o
    0x08003bc2   0x00000028   Code   RO         4410    i.USBD_ParseSetupRequest  usbd_ctlreq.o
    0x08003bea   0x00000010   Code   RO         4284    i.USBD_RegisterClass  usbd_core.o
    0x08003bfa   0x00000016   Code   RO         4286    i.USBD_SetClassConfig  usbd_core.o
    0x08003c10   0x00000084   Code   RO         4411    i.USBD_SetConfig    usbd_ctlreq.o
    0x08003c94   0x0000000a   Code   RO         4287    i.USBD_Start        usbd_core.o
    0x08003c9e   0x00000112   Code   RO         4412    i.USBD_StdDevReq    usbd_ctlreq.o
    0x08003db0   0x00000150   Code   RO         4413    i.USBD_StdEPReq     usbd_ctlreq.o
    0x08003f00   0x0000004e   Code   RO         4414    i.USBD_StdItfReq    usbd_ctlreq.o
    0x08003f4e   0x00000002   Code   RO         4087    i.USBD_static_free  usbd_conf.o
    0x08003f50   0x00000008   Code   RO         4088    i.USBD_static_malloc  usbd_conf.o
    0x08003f58   0x0000029c   Code   RO          908    i.USB_ActivateEndpoint  stm32f1xx_ll_usb.o
    0x080041f4   0x00000004   Code   RO          911    i.USB_CoreInit      stm32f1xx_ll_usb.o
    0x080041f8   0x0000010e   Code   RO          913    i.USB_DeactivateEndpoint  stm32f1xx_ll_usb.o
    0x08004306   0x00000004   Code   RO          914    i.USB_DevConnect    stm32f1xx_ll_usb.o
    0x0800430a   0x00000004   Code   RO          915    i.USB_DevDisconnect  stm32f1xx_ll_usb.o
    0x0800430e   0x00000012   Code   RO          916    i.USB_DevInit       stm32f1xx_ll_usb.o
    0x08004320   0x0000000e   Code   RO          917    i.USB_DisableGlobalInt  stm32f1xx_ll_usb.o
    0x0800432e   0x00000004   Code   RO          918    i.USB_EP0_OutStart  stm32f1xx_ll_usb.o
    0x08004332   0x00000078   Code   RO          919    i.USB_EPClearStall  stm32f1xx_ll_usb.o
    0x080043aa   0x00000032   Code   RO          920    i.USB_EPSetStall    stm32f1xx_ll_usb.o
    0x080043dc   0x000004e2   Code   RO          921    i.USB_EPStartXfer   stm32f1xx_ll_usb.o
    0x080048be   0x00000012   Code   RO          923    i.USB_EnableGlobalInt  stm32f1xx_ll_usb.o
    0x080048d0   0x0000000c   Code   RO          385    i.USB_LP_CAN1_RX0_IRQHandler  stm32f1xx_it.o
    0x080048dc   0x00000006   Code   RO          930    i.USB_ReadInterrupts  stm32f1xx_ll_usb.o
    0x080048e2   0x00000002   PAD
    0x080048e4   0x0000002c   Code   RO          931    i.USB_ReadPMA       stm32f1xx_ll_usb.o
    0x08004910   0x00000004   Code   RO          932    i.USB_SetCurrentMode  stm32f1xx_ll_usb.o
    0x08004914   0x0000000c   Code   RO          933    i.USB_SetDevAddress  stm32f1xx_ll_usb.o
    0x08004920   0x00000026   Code   RO          935    i.USB_WritePMA      stm32f1xx_ll_usb.o
    0x08004946   0x00000002   Code   RO          386    i.UsageFault_Handler  stm32f1xx_it.o
    0x08004948   0x00000020   Code   RO         1584    i.__NVIC_SetPriority  stm32f1xx_hal_cortex.o
    0x08004968   0x00000110   Code   RO           17    i.main              main.o
    0x08004a78   0x0000002e   Code   RO           18    i.rgb565_to_gray    main.o
    0x08004aa6   0x0000002a   Code   RO          492    i.rgb565_to_y       fifo.o
    0x08004ad0   0x00000012   Data   RO         1282    .constdata          stm32f1xx_hal_rcc.o
    0x08004ae2   0x00000010   Data   RO         3846    .constdata          system_stm32f1xx.o
    0x08004af2   0x00000008   Data   RO         3847    .constdata          system_stm32f1xx.o
    0x08004afa   0x00000002   PAD
    0x08004afc   0x00000020   Data   RO         4781    Region$$Table       anon$$obj.o


    Execution Region RW_IRAM1 (Base: 0x20000000, Size: 0x000010a0, Max: 0x00005000, ABSOLUTE, COMPRESSED[0x000000a8])

    Base Addr    Size         Type   Attr      Idx    E Section Name        Object

    0x20000000   0x0000000c   Data   RW           20    .data               main.o
    0x2000000c   0x0000000c   Data   RW         1119    .data               stm32f1xx_hal.o
    0x20000018   0x00000004   Data   RW         3848    .data               system_stm32f1xx.o
    0x2000001c   0x0000001c   Data   RW         3939    .data               usbd_desc.o
    0x20000038   0x00000032   Data   RW         3940    .data               usbd_desc.o
    0x2000006a   0x00000002   PAD
    0x2000006c   0x00000002   Data   RW         4019    .data               usbd_custom_hid_if.o
    0x2000006e   0x00000002   PAD
    0x20000070   0x00000010   Data   RW         4020    .data               usbd_custom_hid_if.o
    0x20000080   0x00000001   Data   RW         4415    .data               usbd_ctlreq.o
    0x20000081   0x00000003   PAD
    0x20000084   0x00000038   Data   RW         4544    .data               usbd_customhid.o
    0x200000bc   0x0000009a   Data   RW         4545    .data               usbd_customhid.o
    0x20000156   0x00000002   PAD
    0x20000158   0x00000054   Zero   RW          241    .bss                i2c.o
    0x200001ac   0x00000090   Zero   RW          285    .bss                tim.o
    0x2000023c   0x00000048   Zero   RW          337    .bss                usart.o
    0x20000284   0x000002c4   Zero   RW         3883    .bss                usb_device.o
    0x20000548   0x00000200   Zero   RW         3938    .bss                usbd_desc.o
    0x20000748   0x000002f4   Zero   RW         4089    .bss                usbd_conf.o
    0x20000a3c   0x00000060   Zero   RW         4655    .bss                c_w.l(libspace.o)
    0x20000a9c   0x00000004   PAD
    0x20000aa0   0x00000200   Zero   RW            2    HEAP                startup_stm32f103xb.o
    0x20000ca0   0x00000400   Zero   RW            1    STACK               startup_stm32f103xb.o


==============================================================================

Image component sizes


      Code (inc. data)   RO Data    RW Data    ZI Data      Debug   Object Name

       326         28          0          0          0       2436   fifo.o
       148         12          0          0          0        947   gpio.o
       176         30          0          0         84       1621   i2c.o
       492         54          0         12          0     456267   main.o
       152          0          0          0          0        854   ov7670.o
        26          0          0          0          0        813   sccb.o
        64         26        236          0       1536        808   startup_stm32f103xb.o
       164         28          0         12          0       5869   stm32f1xx_hal.o
       198         14          0          0          0      28919   stm32f1xx_hal_cortex.o
       500         34          0          0          0       3503   stm32f1xx_hal_gpio.o
      1414         32          0          0          0       9343   stm32f1xx_hal_i2c.o
        60          8          0          0          0        866   stm32f1xx_hal_msp.o
      3026          0          0          0          0      13589   stm32f1xx_hal_pcd.o
        60          0          0          0          0       1166   stm32f1xx_hal_pcd_ex.o
      1240         84         18          0          0       5088   stm32f1xx_hal_rcc.o
       236         12          0          0          0       1372   stm32f1xx_hal_rcc_ex.o
      2248         56          0          0          0      19353   stm32f1xx_hal_tim.o
       370         24          0          0          0       4564   stm32f1xx_hal_tim_ex.o
       636          6          0          0          0       4608   stm32f1xx_hal_uart.o
        44         12          0          0          0       4705   stm32f1xx_it.o
      2528          0          0          0          0      16035   stm32f1xx_ll_usb.o
         2          0         24          4          0       1107   system_stm32f1xx.o
       704         52          0          0        144       3437   tim.o
       168         20          0          0         72       1666   usart.o
        84         18          0          0        708       2242   usb_device.o
       530         28          0          0        756      13573   usbd_conf.o
       670          0          0          0          0       9407   usbd_core.o
      1186         28          0          1          0       7880   usbd_ctlreq.o
        12          0          0         18          0       2056   usbd_custom_hid_if.o
       504         30          0        210          0       9894   usbd_customhid.o
       312        128          0         78        512       5901   usbd_desc.o
       132          0          0          0          0       4296   usbd_ioreq.o

    ----------------------------------------------------------------------
     18434        764        312        344       3812     644185   Object Totals
         0          0         32          0          0          0   (incl. Generated)
        22          0          2          9          0          0   (incl. Padding)

    ----------------------------------------------------------------------

      Code (inc. data)   RO Data    RW Data    ZI Data      Debug   Library Member Name

        90          0          0          0          0          0   __dczerorl2.o
         8          0          0          0          0         68   __main.o
         0          0          0          0          0          0   __rtentry.o
        12          0          0          0          0          0   __rtentry2.o
         6          0          0          0          0          0   __rtentry4.o
        52          8          0          0          0          0   __scatter.o
        28          0          0          0          0          0   __scatter_zi.o
        18          0          0          0          0         80   exit.o
         6          0          0          0          0        152   heapauxi.o
         0          0          0          0          0          0   indicate_semi.o
         2          0          0          0          0          0   libinit.o
         2          0          0          0          0          0   libinit2.o
         2          0          0          0          0          0   libshutdown.o
         2          0          0          0          0          0   libshutdown2.o
         8          4          0          0         96         68   libspace.o
        78          0          0          0          0         80   rt_memclr_w.o
         2          0          0          0          0          0   rtexit.o
        10          0          0          0          0          0   rtexit2.o
        62          0          0          0          0         76   strlen.o
        12          4          0          0          0         68   sys_exit.o
        74          0          0          0          0         80   sys_stackheap_outer.o
         2          0          0          0          0         68   use_no_semi.o

    ----------------------------------------------------------------------
       482         16          0          0        100        740   Library Totals
         6          0          0          0          4          0   (incl. Padding)

    ----------------------------------------------------------------------

      Code (inc. data)   RO Data    RW Data    ZI Data      Debug   Library Name

       476         16          0          0         96        740   c_w.l

    ----------------------------------------------------------------------
       482         16          0          0        100        740   Library Totals

    ----------------------------------------------------------------------

==============================================================================


      Code (inc. data)   RO Data    RW Data    ZI Data      Debug   

     18916        780        312        344       3912     634573   Grand Totals
     18916        780        312        168       3912     634573   ELF Image Totals (compressed)
     18916        780        312        168          0          0   ROM Totals

==============================================================================

    Total RO  Size (Code + RO Data)                19228 (  18.78kB)
    Total RW  Size (RW Data + ZI Data)              4256 (   4.16kB)
    Total ROM Size (Code + RO Data + RW Data)      19396 (  18.94kB)

==============================================================================

